Archive member included to satisfy reference by file (symbol)

/home/venturus/gcc-arm-none-eabi-6-2017-q2-update/bin/../lib/gcc/arm-none-eabi/6.3.1/../../../../arm-none-eabi/lib/thumb/v7e-m/fpv4-sp/hard/libc_nano.a(lib_a-exit.o)
                              /home/venturus/gcc-arm-none-eabi-6-2017-q2-update/bin/../lib/gcc/arm-none-eabi/6.3.1/../../../../arm-none-eabi/lib/thumb/v7e-m/fpv4-sp/hard/crt0.o (exit)
/home/venturus/gcc-arm-none-eabi-6-2017-q2-update/bin/../lib/gcc/arm-none-eabi/6.3.1/../../../../arm-none-eabi/lib/thumb/v7e-m/fpv4-sp/hard/libc_nano.a(lib_a-impure.o)
                              /home/venturus/gcc-arm-none-eabi-6-2017-q2-update/bin/../lib/gcc/arm-none-eabi/6.3.1/../../../../arm-none-eabi/lib/thumb/v7e-m/fpv4-sp/hard/libc_nano.a(lib_a-exit.o) (_global_impure_ptr)
/home/venturus/gcc-arm-none-eabi-6-2017-q2-update/bin/../lib/gcc/arm-none-eabi/6.3.1/../../../../arm-none-eabi/lib/thumb/v7e-m/fpv4-sp/hard/libc_nano.a(lib_a-init.o)
                              /home/venturus/gcc-arm-none-eabi-6-2017-q2-update/bin/../lib/gcc/arm-none-eabi/6.3.1/../../../../arm-none-eabi/lib/thumb/v7e-m/fpv4-sp/hard/crt0.o (__libc_init_array)
/home/venturus/gcc-arm-none-eabi-6-2017-q2-update/bin/../lib/gcc/arm-none-eabi/6.3.1/../../../../arm-none-eabi/lib/thumb/v7e-m/fpv4-sp/hard/libc_nano.a(lib_a-memcpy-stub.o)
                              build/k_message.o (memcpy)
/home/venturus/gcc-arm-none-eabi-6-2017-q2-update/bin/../lib/gcc/arm-none-eabi/6.3.1/../../../../arm-none-eabi/lib/thumb/v7e-m/fpv4-sp/hard/libc_nano.a(lib_a-memset.o)
                              /home/venturus/gcc-arm-none-eabi-6-2017-q2-update/bin/../lib/gcc/arm-none-eabi/6.3.1/../../../../arm-none-eabi/lib/thumb/v7e-m/fpv4-sp/hard/crt0.o (memset)
/home/venturus/gcc-arm-none-eabi-6-2017-q2-update/bin/../lib/gcc/arm-none-eabi/6.3.1/../../../../arm-none-eabi/lib/thumb/v7e-m/fpv4-sp/hard/libnosys.a(_exit.o)
                              /home/venturus/gcc-arm-none-eabi-6-2017-q2-update/bin/../lib/gcc/arm-none-eabi/6.3.1/../../../../arm-none-eabi/lib/thumb/v7e-m/fpv4-sp/hard/libc_nano.a(lib_a-exit.o) (_exit)

Allocating common symbols
Common symbol       size              file

irq_lock_nest       0x4               build/k_kernel.o
k_current_task      0x4               build/k_kernel.o
uwTick              0x4               build/stm32f3xx_hal.o
pFlash              0x20              build/stm32f3xx_hal_flash.o
huart1              0x70              build/usart.o
k_high_prio_task    0x4               build/k_kernel.o
actual_timer        0x4               build/k_raw_timer.o

Discarded input sections

 .text          0x0000000000000000        0x0 /home/venturus/gcc-arm-none-eabi-6-2017-q2-update/bin/../lib/gcc/arm-none-eabi/6.3.1/thumb/v7e-m/fpv4-sp/hard/crti.o
 .data          0x0000000000000000        0x0 /home/venturus/gcc-arm-none-eabi-6-2017-q2-update/bin/../lib/gcc/arm-none-eabi/6.3.1/thumb/v7e-m/fpv4-sp/hard/crti.o
 .bss           0x0000000000000000        0x0 /home/venturus/gcc-arm-none-eabi-6-2017-q2-update/bin/../lib/gcc/arm-none-eabi/6.3.1/thumb/v7e-m/fpv4-sp/hard/crti.o
 .data          0x0000000000000000        0x4 /home/venturus/gcc-arm-none-eabi-6-2017-q2-update/bin/../lib/gcc/arm-none-eabi/6.3.1/thumb/v7e-m/fpv4-sp/hard/crtbegin.o
 .text          0x0000000000000000       0x74 /home/venturus/gcc-arm-none-eabi-6-2017-q2-update/bin/../lib/gcc/arm-none-eabi/6.3.1/../../../../arm-none-eabi/lib/thumb/v7e-m/fpv4-sp/hard/crt0.o
 .data          0x0000000000000000        0x0 /home/venturus/gcc-arm-none-eabi-6-2017-q2-update/bin/../lib/gcc/arm-none-eabi/6.3.1/../../../../arm-none-eabi/lib/thumb/v7e-m/fpv4-sp/hard/crt0.o
 .bss           0x0000000000000000        0x0 /home/venturus/gcc-arm-none-eabi-6-2017-q2-update/bin/../lib/gcc/arm-none-eabi/6.3.1/../../../../arm-none-eabi/lib/thumb/v7e-m/fpv4-sp/hard/crt0.o
 .ARM.extab     0x0000000000000000        0x0 /home/venturus/gcc-arm-none-eabi-6-2017-q2-update/bin/../lib/gcc/arm-none-eabi/6.3.1/../../../../arm-none-eabi/lib/thumb/v7e-m/fpv4-sp/hard/crt0.o
 .ARM.exidx     0x0000000000000000        0x8 /home/venturus/gcc-arm-none-eabi-6-2017-q2-update/bin/../lib/gcc/arm-none-eabi/6.3.1/../../../../arm-none-eabi/lib/thumb/v7e-m/fpv4-sp/hard/crt0.o
 .ARM.attributes
                0x0000000000000000       0x20 /home/venturus/gcc-arm-none-eabi-6-2017-q2-update/bin/../lib/gcc/arm-none-eabi/6.3.1/../../../../arm-none-eabi/lib/thumb/v7e-m/fpv4-sp/hard/crt0.o
 .text          0x0000000000000000        0x0 build/stm32f3xx_hal_i2c.o
 .data          0x0000000000000000        0x0 build/stm32f3xx_hal_i2c.o
 .bss           0x0000000000000000        0x0 build/stm32f3xx_hal_i2c.o
 .text.I2C_Flush_TXDR
                0x0000000000000000       0x22 build/stm32f3xx_hal_i2c.o
 .text.I2C_DMASlaveTransmitCplt
                0x0000000000000000        0x2 build/stm32f3xx_hal_i2c.o
 .text.I2C_DMASlaveReceiveCplt
                0x0000000000000000        0x2 build/stm32f3xx_hal_i2c.o
 .text.I2C_TransferConfig
[...]
Memory Configuration

Name             Origin             Length             Attributes
RAM              0x0000000020000000 0x0000000000003000 xrw
CCMRAM           0x0000000010000000 0x0000000000001000 rw
FLASH            0x0000000008000000 0x0000000000010000 xr
*default*        0x0000000000000000 0xffffffffffffffff

Linker script and memory map

LOAD /home/venturus/gcc-arm-none-eabi-6-2017-q2-update/bin/../lib/gcc/arm-none-eabi/6.3.1/thumb/v7e-m/fpv4-sp/hard/crti.o
LOAD /home/venturus/gcc-arm-none-eabi-6-2017-q2-update/bin/../lib/gcc/arm-none-eabi/6.3.1/thumb/v7e-m/fpv4-sp/hard/crtbegin.o
LOAD /home/venturus/gcc-arm-none-eabi-6-2017-q2-update/bin/../lib/gcc/arm-none-eabi/6.3.1/../../../../arm-none-eabi/lib/thumb/v7e-m/fpv4-sp/hard/crt0.o
LOAD build/stm32f3xx_hal_i2c.o
LOAD build/usart.o
LOAD build/stm32f3xx_hal.o
LOAD build/stm32f3xx_hal_tim.o
LOAD build/main.o
LOAD build/stm32f3xx_hal_rcc.o
LOAD build/stm32f3xx_hal_pwr_ex.o
LOAD build/stm32f3xx_hal_flash.o
LOAD build/stm32f3xx_it.o
LOAD build/stm32f3xx_hal_pwr.o
LOAD build/stm32f3xx_hal_tim_ex.o
LOAD build/stm32f3xx_hal_msp.o
LOAD build/stm32f3xx_hal_uart_ex.o
LOAD build/stm32f3xx_hal_uart.o
LOAD build/stm32f3xx_hal_rcc_ex.o
LOAD build/stm32f3xx_hal_gpio.o
LOAD build/gpio.o
LOAD build/stm32f3xx_hal_flash_ex.o
LOAD build/stm32f3xx_hal_i2c_ex.o
LOAD build/stm32f3xx_hal_dma.o
LOAD build/system_stm32f3xx.o
LOAD build/stm32f3xx_hal_cortex.o
LOAD build/k_thread.o
LOAD build/k_message.o
LOAD build/k_mem_dyn.o
LOAD build/k_memp.o
LOAD build/k_raw_timer.o
LOAD build/k_mutex.o
LOAD build/k_wqueue.o
LOAD build/k_kernel.o
LOAD build/k_sema.o
LOAD build/k_port_cm3_4_7.o
LOAD build/startup_stm32f334x8.o
LOAD build/k_port_cm3_4_7_a.o
LOAD /home/venturus/gcc-arm-none-eabi-6-2017-q2-update/bin/../lib/gcc/arm-none-eabi/6.3.1/../../../../arm-none-eabi/lib/thumb/v7e-m/fpv4-sp/hard/libc_nano.a
LOAD /home/venturus/gcc-arm-none-eabi-6-2017-q2-update/bin/../lib/gcc/arm-none-eabi/6.3.1/../../../../arm-none-eabi/lib/thumb/v7e-m/fpv4-sp/hard/libm.a
LOAD /home/venturus/gcc-arm-none-eabi-6-2017-q2-update/bin/../lib/gcc/arm-none-eabi/6.3.1/../../../../arm-none-eabi/lib/thumb/v7e-m/fpv4-sp/hard/libnosys.a
START GROUP
LOAD /home/venturus/gcc-arm-none-eabi-6-2017-q2-update/bin/../lib/gcc/arm-none-eabi/6.3.1/thumb/v7e-m/fpv4-sp/hard/libgcc.a
LOAD /home/venturus/gcc-arm-none-eabi-6-2017-q2-update/bin/../lib/gcc/arm-none-eabi/6.3.1/../../../../arm-none-eabi/lib/thumb/v7e-m/fpv4-sp/hard/libc_nano.a
END GROUP
START GROUP
LOAD /home/venturus/gcc-arm-none-eabi-6-2017-q2-update/bin/../lib/gcc/arm-none-eabi/6.3.1/thumb/v7e-m/fpv4-sp/hard/libgcc.a
LOAD /home/venturus/gcc-arm-none-eabi-6-2017-q2-update/bin/../lib/gcc/arm-none-eabi/6.3.1/../../../../arm-none-eabi/lib/thumb/v7e-m/fpv4-sp/hard/libc_nano.a
END GROUP
LOAD /home/venturus/gcc-arm-none-eabi-6-2017-q2-update/bin/../lib/gcc/arm-none-eabi/6.3.1/thumb/v7e-m/fpv4-sp/hard/crtend.o
LOAD /home/venturus/gcc-arm-none-eabi-6-2017-q2-update/bin/../lib/gcc/arm-none-eabi/6.3.1/thumb/v7e-m/fpv4-sp/hard/crtn.o
                0x0000000020003000                _estack = 0x20003000
                0x0000000000000200                _Min_Heap_Size = 0x200
                0x0000000000000400                _Min_Stack_Size = 0x400

.isr_vector     0x0000000008000000      0x188
                0x0000000008000000                . = ALIGN (0x4)
 *(.isr_vector)
 .isr_vector    0x0000000008000000      0x188 build/startup_stm32f334x8.o
                0x0000000008000000                g_pfnVectors
                0x0000000008000188                . = ALIGN (0x4)

.text           0x0000000008000188     0x23b0
                0x0000000008000188                . = ALIGN (0x4)
 *(.text)
 .text          0x0000000008000188       0x6c /home/venturus/gcc-arm-none-eabi-6-2017-q2-update/bin/../lib/gcc/arm-none-eabi/6.3.1/thumb/v7e-m/fpv4-sp/hard/crtbegin.o
 .text          0x00000000080001f4       0xb8 build/k_port_cm3_4_7_a.o
                0x00000000080001f4                port_irq_lock
                0x0000000008000204                port_irq_unlock
                0x0000000008000214                port_from_isr
                0x0000000008000220                port_set_break
                0x000000000800022a                port_bit_fs_scan
                0x0000000008000230                port_bit_ls_scan
                0x000000000800023a                port_start_kernel
                0x000000000800024a                SVC_Handler
                0x0000000008000274                PendSV_Handler
 *(.text*)
 .text.MX_USART1_UART_Init
                0x00000000080002ac       0x40 build/usart.o
                0x00000000080002ac                MX_USART1_UART_Init
 .text.HAL_UART_MspInit
                0x00000000080002ec       0x60 build/usart.o
                0x00000000080002ec                HAL_UART_MspInit
 .text.HAL_InitTick
                0x000000000800034c       0x2c build/stm32f3xx_hal.o
                0x000000000800034c                HAL_InitTick
 .text.HAL_Init
                0x0000000008000378       0x24 build/stm32f3xx_hal.o
                0x0000000008000378                HAL_Init
 .text.HAL_GetTick
                0x000000000800039c        0xc build/stm32f3xx_hal.o
                0x000000000800039c                HAL_GetTick
 .text.t4_task  0x00000000080003a8       0x1c build/main.o
 .text.t3_task  0x00000000080003c4       0x18 build/main.o
 .text.t2_task  0x00000000080003dc       0x18 build/main.o
 .text.t1_task  0x00000000080003f4       0x1c build/main.o
 .text._Error_Handler
                0x0000000008000410        0x2 build/main.o
                0x0000000008000410                _Error_Handler
 *fill*         0x0000000008000412        0x2 
 .text.SystemClock_Config
                0x0000000008000414       0x98 build/main.o
                0x0000000008000414                SystemClock_Config
 .text.main     0x00000000080004ac       0x68 build/main.o
                0x00000000080004ac                main
 .text.HAL_RCC_OscConfig
                0x0000000008000514      0x60c build/stm32f3xx_hal_rcc.o
                0x0000000008000514                HAL_RCC_OscConfig
 .text.HAL_RCC_GetSysClockFreq
                0x0000000008000b20       0x70 build/stm32f3xx_hal_rcc.o
                0x0000000008000b20                HAL_RCC_GetSysClockFreq
 .text.HAL_RCC_ClockConfig
                0x0000000008000b90      0x1d4 build/stm32f3xx_hal_rcc.o
                0x0000000008000b90                HAL_RCC_ClockConfig
 .text.HAL_RCC_GetHCLKFreq
                0x0000000008000d64        0xc build/stm32f3xx_hal_rcc.o
                0x0000000008000d64                HAL_RCC_GetHCLKFreq
 .text.HAL_RCC_GetPCLK1Freq
                0x0000000008000d70       0x2c build/stm32f3xx_hal_rcc.o
                0x0000000008000d70                HAL_RCC_GetPCLK1Freq
 .text.HAL_RCC_GetPCLK2Freq
                0x0000000008000d9c       0x2c build/stm32f3xx_hal_rcc.o
                0x0000000008000d9c                HAL_RCC_GetPCLK2Freq
 .text.NMI_Handler
                0x0000000008000dc8        0x2 build/stm32f3xx_it.o
                0x0000000008000dc8                NMI_Handler
 .text.HardFault_Handler
                0x0000000008000dca        0x2 build/stm32f3xx_it.o
                0x0000000008000dca                HardFault_Handler
 .text.MemManage_Handler
                0x0000000008000dcc        0x2 build/stm32f3xx_it.o
                0x0000000008000dcc                MemManage_Handler
 .text.BusFault_Handler
                0x0000000008000dce        0x2 build/stm32f3xx_it.o
                0x0000000008000dce                BusFault_Handler
 .text.UsageFault_Handler
                0x0000000008000dd0        0x2 build/stm32f3xx_it.o
                0x0000000008000dd0                UsageFault_Handler
 .text.DebugMon_Handler
                0x0000000008000dd2        0x2 build/stm32f3xx_it.o
                0x0000000008000dd2                DebugMon_Handler
 .text.USART1_IRQHandler
                0x0000000008000dd4       0x10 build/stm32f3xx_it.o
                0x0000000008000dd4                USART1_IRQHandler
 .text.HAL_MspInit
                0x0000000008000de4       0x7c build/stm32f3xx_hal_msp.o
                0x0000000008000de4                HAL_MspInit
 .text.HAL_UARTEx_WakeupCallback
                0x0000000008000e60        0x2 build/stm32f3xx_hal_uart_ex.o
                0x0000000008000e60                HAL_UARTEx_WakeupCallback
 .text.UART_EndRxTransfer
                0x0000000008000e62       0x1c build/stm32f3xx_hal_uart.o
 .text.HAL_UART_TxCpltCallback
                0x0000000008000e7e        0x2 build/stm32f3xx_hal_uart.o
                0x0000000008000e7e                HAL_UART_TxCpltCallback
 .text.HAL_UART_RxCpltCallback
                0x0000000008000e80        0x2 build/stm32f3xx_hal_uart.o
                0x0000000008000e80                HAL_UART_RxCpltCallback
 .text.HAL_UART_ErrorCallback
                0x0000000008000e82        0x2 build/stm32f3xx_hal_uart.o
                0x0000000008000e82                HAL_UART_ErrorCallback
 .text.UART_DMAAbortOnError
                0x0000000008000e84       0x14 build/stm32f3xx_hal_uart.o
 .text.UART_SetConfig
                0x0000000008000e98      0x1b4 build/stm32f3xx_hal_uart.o
                0x0000000008000e98                UART_SetConfig
 .text.UART_AdvFeatureConfig
                0x000000000800104c       0xca build/stm32f3xx_hal_uart.o
                0x000000000800104c                UART_AdvFeatureConfig
 .text.UART_WaitOnFlagUntilTimeout
                0x0000000008001116       0x64 build/stm32f3xx_hal_uart.o
                0x0000000008001116                UART_WaitOnFlagUntilTimeout
 .text.UART_CheckIdleState
                0x000000000800117a       0x70 build/stm32f3xx_hal_uart.o
                0x000000000800117a                UART_CheckIdleState
 .text.HAL_UART_Init
                0x00000000080011ea       0x68 build/stm32f3xx_hal_uart.o
                0x00000000080011ea                HAL_UART_Init
 .text.UART_Transmit_IT
                0x0000000008001252       0x6e build/stm32f3xx_hal_uart.o
                0x0000000008001252                UART_Transmit_IT
 .text.UART_EndTransmit_IT
                0x00000000080012c0       0x1a build/stm32f3xx_hal_uart.o
                0x00000000080012c0                UART_EndTransmit_IT
 .text.UART_Receive_IT
                0x00000000080012da       0x82 build/stm32f3xx_hal_uart.o
                0x00000000080012da                UART_Receive_IT
 .text.HAL_UART_IRQHandler
                0x000000000800135c      0x15c build/stm32f3xx_hal_uart.o
                0x000000000800135c                HAL_UART_IRQHandler
 .text.HAL_RCCEx_PeriphCLKConfig
                0x00000000080014b8      0x1ac build/stm32f3xx_hal_rcc_ex.o
                0x00000000080014b8                HAL_RCCEx_PeriphCLKConfig
 .text.HAL_GPIO_Init
                0x0000000008001664      0x194 build/stm32f3xx_hal_gpio.o
                0x0000000008001664                HAL_GPIO_Init
 .text.HAL_GPIO_TogglePin
                0x00000000080017f8        0x8 build/stm32f3xx_hal_gpio.o
                0x00000000080017f8                HAL_GPIO_TogglePin
 .text.MX_GPIO_Init
                0x0000000008001800       0x70 build/gpio.o
                0x0000000008001800                MX_GPIO_Init
 .text.HAL_DMA_Abort_IT
                0x0000000008001870       0x4a build/stm32f3xx_hal_dma.o
                0x0000000008001870                HAL_DMA_Abort_IT
 *fill*         0x00000000080018ba        0x2 
 .text.SystemInit
                0x00000000080018bc       0x68 build/system_stm32f3xx.o
                0x00000000080018bc                SystemInit
 .text.HAL_NVIC_SetPriorityGrouping
                0x0000000008001924       0x24 build/stm32f3xx_hal_cortex.o
                0x0000000008001924                HAL_NVIC_SetPriorityGrouping
 .text.HAL_NVIC_SetPriority
                0x0000000008001948       0x64 build/stm32f3xx_hal_cortex.o
                0x0000000008001948                HAL_NVIC_SetPriority
 .text.HAL_NVIC_EnableIRQ
                0x00000000080019ac       0x18 build/stm32f3xx_hal_cortex.o
                0x00000000080019ac                HAL_NVIC_EnableIRQ
 .text.HAL_SYSTICK_Config
                0x00000000080019c4       0x2c build/stm32f3xx_hal_cortex.o
                0x00000000080019c4                HAL_SYSTICK_Config
 .text.HAL_SYSTICK_CLKSourceConfig
                0x00000000080019f0       0x20 build/stm32f3xx_hal_cortex.o
                0x00000000080019f0                HAL_SYSTICK_CLKSourceConfig
 .text.thread_handle_signal_act
                0x0000000008001a10       0x66 build/k_thread.o
 .text.thread_handle_signal_wait
                0x0000000008001a76       0x10 build/k_thread.o
 *fill*         0x0000000008001a86        0x2 
 .text.thread_create
                0x0000000008001a88       0xa8 build/k_thread.o
                0x0000000008001a88                thread_create
 .text.thread_wait_signals
                0x0000000008001b30       0xb0 build/k_thread.o
                0x0000000008001b30                thread_wait_signals
 .text.thread_set_signals
                0x0000000008001be0       0x48 build/k_thread.o
                0x0000000008001be0                thread_set_signals
 .text.thread_clr_signals
                0x0000000008001c28       0x4a build/k_thread.o
                0x0000000008001c28                thread_clr_signals
 *fill*         0x0000000008001c72        0x2 
 .text.thread_get_current
                0x0000000008001c74        0xc build/k_thread.o
                0x0000000008001c74                thread_get_current
 .text.timer_step_tick
                0x0000000008001c80       0xf8 build/k_raw_timer.o
 .text.timer_dispatcher
                0x0000000008001d78      0x1fc build/k_raw_timer.o
                0x0000000008001d78                timer_dispatcher
 .text.ticker_timer_wait
                0x0000000008001f74       0x6c build/k_raw_timer.o
                0x0000000008001f74                ticker_timer_wait
 .text.k_idle_thread
                0x0000000008001fe0        0xc build/k_kernel.o
 .text.k_sched  0x0000000008001fec       0x68 build/k_kernel.o
 .text.k_make_ready
                0x0000000008002054       0x6c build/k_kernel.o
                0x0000000008002054                k_make_ready
 .text.k_make_not_ready
                0x00000000080020c0       0x70 build/k_kernel.o
                0x00000000080020c0                k_make_not_ready
 .text.k_sched_and_swap
                0x0000000008002130       0x7c build/k_kernel.o
                0x0000000008002130                k_sched_and_swap
 .text.k_work_list_init
                0x00000000080021ac       0x48 build/k_kernel.o
                0x00000000080021ac                k_work_list_init
 .text.kernel_init
                0x00000000080021f4       0xb4 build/k_kernel.o
                0x00000000080021f4                kernel_init
 .text.kernel_start
                0x00000000080022a8       0x34 build/k_kernel.o
                0x00000000080022a8                kernel_start
 .text.kernel_irq_in
                0x00000000080022dc       0x64 build/k_kernel.o
                0x00000000080022dc                kernel_irq_in
 .text.kernel_irq_out
                0x0000000008002340       0x68 build/k_kernel.o
                0x0000000008002340                kernel_irq_out
 .text.port_create_stack_frame
                0x00000000080023a8       0x7c build/k_port_cm3_4_7.o
                0x00000000080023a8                port_create_stack_frame
 .text.port_swap_req
                0x0000000008002424       0x10 build/k_port_cm3_4_7.o
                0x0000000008002424                port_swap_req
 .text.port_init_machine
                0x0000000008002434       0x30 build/k_port_cm3_4_7.o
                0x0000000008002434                port_init_machine
 .text.timer_tick_handler
                0x0000000008002464       0x10 build/k_port_cm3_4_7.o
                0x0000000008002464                timer_tick_handler
 .text.SysTick_Handler
                0x0000000008002474       0x10 build/k_port_cm3_4_7.o
                0x0000000008002474                SysTick_Handler
 .text.Reset_Handler
                0x0000000008002484       0x50 build/startup_stm32f334x8.o
                0x0000000008002484                Reset_Handler
 .text.Default_Handler
                0x00000000080024d4        0x2 build/startup_stm32f334x8.o
                0x00000000080024d4                RTC_Alarm_IRQHandler
                0x00000000080024d4                HRTIM1_Master_IRQHandler
                0x00000000080024d4                TIM1_CC_IRQHandler
                0x00000000080024d4                HRTIM1_FLT_IRQHandler
                0x00000000080024d4                PVD_IRQHandler
                0x00000000080024d4                HRTIM1_TIMD_IRQHandler
                0x00000000080024d4                TAMP_STAMP_IRQHandler
                0x00000000080024d4                EXTI3_IRQHandler
                0x00000000080024d4                EXTI0_IRQHandler
                0x00000000080024d4                FPU_IRQHandler
                0x00000000080024d4                CAN_TX_IRQHandler
                0x00000000080024d4                TIM1_UP_TIM16_IRQHandler
                0x00000000080024d4                ADC1_2_IRQHandler
                0x00000000080024d4                HRTIM1_TIME_IRQHandler
                0x00000000080024d4                SPI1_IRQHandler
                0x00000000080024d4                CAN_SCE_IRQHandler
                0x00000000080024d4                HRTIM1_TIMC_IRQHandler
                0x00000000080024d4                DMA1_Channel4_IRQHandler
                0x00000000080024d4                USART3_IRQHandler
                0x00000000080024d4                DMA1_Channel7_IRQHandler
                0x00000000080024d4                TIM7_DAC2_IRQHandler
                0x00000000080024d4                CAN_RX1_IRQHandler
                0x00000000080024d4                I2C1_EV_IRQHandler
                0x00000000080024d4                DMA1_Channel6_IRQHandler
                0x00000000080024d4                TIM3_IRQHandler
                0x00000000080024d4                RCC_IRQHandler
                0x00000000080024d4                DMA1_Channel1_IRQHandler
                0x00000000080024d4                Default_Handler
                0x00000000080024d4                EXTI15_10_IRQHandler
                0x00000000080024d4                COMP2_IRQHandler
                0x00000000080024d4                HRTIM1_TIMA_IRQHandler
                0x00000000080024d4                TIM6_DAC1_IRQHandler
                0x00000000080024d4                EXTI9_5_IRQHandler
                0x00000000080024d4                RTC_WKUP_IRQHandler
                0x00000000080024d4                DMA1_Channel5_IRQHandler
                0x00000000080024d4                EXTI4_IRQHandler
                0x00000000080024d4                HRTIM1_TIMB_IRQHandler
                0x00000000080024d4                TIM1_TRG_COM_TIM17_IRQHandler
                0x00000000080024d4                DMA1_Channel3_IRQHandler
                0x00000000080024d4                WWDG_IRQHandler
                0x00000000080024d4                TIM2_IRQHandler
                0x00000000080024d4                EXTI1_IRQHandler
                0x00000000080024d4                COMP4_6_IRQHandler
                0x00000000080024d4                USART2_IRQHandler
                0x00000000080024d4                DMA1_Channel2_IRQHandler
                0x00000000080024d4                FLASH_IRQHandler
                0x00000000080024d4                CAN_RX0_IRQHandler
                0x00000000080024d4                I2C1_ER_IRQHandler
                0x00000000080024d4                EXTI2_TSC_IRQHandler
                0x00000000080024d4                TIM1_BRK_TIM15_IRQHandler
 *fill*         0x00000000080024d6        0x2 
 .text.__libc_init_array
                0x00000000080024d8       0x48 /home/venturus/gcc-arm-none-eabi-6-2017-q2-update/bin/../lib/gcc/arm-none-eabi/6.3.1/../../../../arm-none-eabi/lib/thumb/v7e-m/fpv4-sp/hard/libc_nano.a(lib_a-init.o)
                0x00000000080024d8                __libc_init_array
 *(.glue_7)
 .glue_7        0x0000000008002520        0x0 linker stubs
 *(.glue_7t)
 .glue_7t       0x0000000008002520        0x0 linker stubs
 *(.eh_frame)
 .eh_frame      0x0000000008002520        0x0 /home/venturus/gcc-arm-none-eabi-6-2017-q2-update/bin/../lib/gcc/arm-none-eabi/6.3.1/thumb/v7e-m/fpv4-sp/hard/crtbegin.o
 *(.init)
 .init          0x0000000008002520        0x4 /home/venturus/gcc-arm-none-eabi-6-2017-q2-update/bin/../lib/gcc/arm-none-eabi/6.3.1/thumb/v7e-m/fpv4-sp/hard/crti.o
                0x0000000008002520                _init
 .init          0x0000000008002524        0x8 /home/venturus/gcc-arm-none-eabi-6-2017-q2-update/bin/../lib/gcc/arm-none-eabi/6.3.1/thumb/v7e-m/fpv4-sp/hard/crtn.o
 *(.fini)
 .fini          0x000000000800252c        0x4 /home/venturus/gcc-arm-none-eabi-6-2017-q2-update/bin/../lib/gcc/arm-none-eabi/6.3.1/thumb/v7e-m/fpv4-sp/hard/crti.o
                0x000000000800252c                _fini
 .fini          0x0000000008002530        0x8 /home/venturus/gcc-arm-none-eabi-6-2017-q2-update/bin/../lib/gcc/arm-none-eabi/6.3.1/thumb/v7e-m/fpv4-sp/hard/crtn.o
                0x0000000008002538                . = ALIGN (0x4)
                0x0000000008002538                _etext = .

.vfp11_veneer   0x0000000008002538        0x0
 .vfp11_veneer  0x0000000008002538        0x0 linker stubs

.v4_bx          0x0000000008002538        0x0
 .v4_bx         0x0000000008002538        0x0 linker stubs

.iplt           0x0000000008002538        0x0
 .iplt          0x0000000008002538        0x0 /home/venturus/gcc-arm-none-eabi-6-2017-q2-update/bin/../lib/gcc/arm-none-eabi/6.3.1/thumb/v7e-m/fpv4-sp/hard/crtbegin.o

.rodata         0x0000000008002538       0x50
                0x0000000008002538                . = ALIGN (0x4)
 *(.rodata)
 *(.rodata*)
 .rodata.MX_USART1_UART_Init.str1.4
                0x0000000008002538        0xc build/usart.o
 .rodata.SystemClock_Config.str1.4
                0x0000000008002544        0xc build/main.o
                                          0xb (size before relaxing)
 .rodata.aPLLMULFactorTable
                0x0000000008002550       0x10 build/stm32f3xx_hal_rcc.o
                0x0000000008002550                aPLLMULFactorTable
 .rodata.aPredivFactorTable
                0x0000000008002560       0x10 build/stm32f3xx_hal_rcc.o
                0x0000000008002560                aPredivFactorTable
 .rodata.AHBPrescTable
                0x0000000008002570       0x10 build/system_stm32f3xx.o
                0x0000000008002570                AHBPrescTable
 .rodata.APBPrescTable
                0x0000000008002580        0x8 build/system_stm32f3xx.o
                0x0000000008002580                APBPrescTable
                0x0000000008002588                . = ALIGN (0x4)

.rel.dyn        0x0000000008002588        0x0
 .rel.iplt      0x0000000008002588        0x0 /home/venturus/gcc-arm-none-eabi-6-2017-q2-update/bin/../lib/gcc/arm-none-eabi/6.3.1/thumb/v7e-m/fpv4-sp/hard/crtbegin.o

.ARM.extab
 *(.ARM.extab* .gnu.linkonce.armextab.*)

.ARM            0x0000000008002588        0x0
                0x0000000008002588                __exidx_start = .
 *(.ARM.exidx*)
                0x0000000008002588                __exidx_end = .

.preinit_array  0x0000000008002588        0x0
                0x0000000008002588                PROVIDE (__preinit_array_start, .)
 *(.preinit_array*)
                0x0000000008002588                PROVIDE (__preinit_array_end, .)

.init_array     0x0000000008002588        0x4
                0x0000000008002588                PROVIDE (__init_array_start, .)
 *(SORT(.init_array.*))
 *(.init_array*)
 .init_array    0x0000000008002588        0x4 /home/venturus/gcc-arm-none-eabi-6-2017-q2-update/bin/../lib/gcc/arm-none-eabi/6.3.1/thumb/v7e-m/fpv4-sp/hard/crtbegin.o
                0x000000000800258c                PROVIDE (__init_array_end, .)

.fini_array     0x000000000800258c        0x4
                [!provide]                        PROVIDE (__fini_array_start, .)
 *(SORT(.fini_array.*))
 *(.fini_array*)
 .fini_array    0x000000000800258c        0x4 /home/venturus/gcc-arm-none-eabi-6-2017-q2-update/bin/../lib/gcc/arm-none-eabi/6.3.1/thumb/v7e-m/fpv4-sp/hard/crtbegin.o
                [!provide]                        PROVIDE (__fini_array_end, .)
                0x0000000008002590                _sidata = LOADADDR (.data)

.data           0x0000000020000000      0x10c load address 0x0000000008002590
                0x0000000020000000                . = ALIGN (0x4)
                0x0000000020000000                _sdata = .
 *(.data)
 *(.data*)
 .data.t1       0x0000000020000000       0x2c build/main.o
                0x0000000020000000                t1
 .data.t2       0x000000002000002c       0x2c build/main.o
                0x000000002000002c                t2
 .data.t3       0x0000000020000058       0x2c build/main.o
                0x0000000020000058                t3
 .data.t4       0x0000000020000084       0x2c build/main.o
                0x0000000020000084                t4
 .data.SystemCoreClock
                0x00000000200000b0        0x4 build/system_stm32f3xx.o
                0x00000000200000b0                SystemCoreClock
 .data.timer_tcb
                0x00000000200000b4       0x2c build/k_raw_timer.o
                0x00000000200000b4                timer_tcb
 .data.idle_thread
                0x00000000200000e0       0x2c build/k_kernel.o
                0x00000000200000e0                idle_thread
                0x000000002000010c                . = ALIGN (0x4)
                0x000000002000010c                _edata = .
                0x000000000800269c                _siccmram = LOADADDR (.ccmram)

.jcr            0x000000002000010c        0x0 load address 0x000000000800269c
 .jcr           0x000000002000010c        0x0 /home/venturus/gcc-arm-none-eabi-6-2017-q2-update/bin/../lib/gcc/arm-none-eabi/6.3.1/thumb/v7e-m/fpv4-sp/hard/crtbegin.o

.igot.plt       0x000000002000010c        0x0 load address 0x000000000800269c
 .igot.plt      0x000000002000010c        0x0 /home/venturus/gcc-arm-none-eabi-6-2017-q2-update/bin/../lib/gcc/arm-none-eabi/6.3.1/thumb/v7e-m/fpv4-sp/hard/crtbegin.o

.ccmram         0x0000000010000000        0x0 load address 0x000000000800269c
                0x0000000010000000                . = ALIGN (0x4)
                0x0000000010000000                _sccmram = .
 *(.ccmram)
 *(.ccmram*)
                0x0000000010000000                . = ALIGN (0x4)
                0x0000000010000000                _eccmram = .
                0x0000000010000000                . = ALIGN (0x4)

.bss            0x000000002000010c      0xedc
                0x000000002000010c                _sbss = .
                0x000000002000010c                __bss_start__ = _sbss
 *(.bss)
 .bss           0x000000002000010c       0x1c /home/venturus/gcc-arm-none-eabi-6-2017-q2-update/bin/../lib/gcc/arm-none-eabi/6.3.1/thumb/v7e-m/fpv4-sp/hard/crtbegin.o
 *(.bss*)
 .bss.stack_t1  0x0000000020000128      0x200 build/main.o
 .bss.stack_t2  0x0000000020000328      0x200 build/main.o
 .bss.stack_t3  0x0000000020000528      0x200 build/main.o
 .bss.stack_t4  0x0000000020000728      0x200 build/main.o
 .bss.k_ticker_list
                0x0000000020000928        0x8 build/k_raw_timer.o
 .bss.k_timed_list
                0x0000000020000930        0x8 build/k_raw_timer.o
 .bss.next_task_wake
                0x0000000020000938        0x4 build/k_raw_timer.o
                0x0000000020000938                next_task_wake
 .bss.stack_timer_tcb
                0x000000002000093c      0x300 build/k_raw_timer.o
 .bss.tick_count
                0x0000000020000c3c        0x4 build/k_raw_timer.o
                0x0000000020000c3c                tick_count
 .bss.irq_counter
                0x0000000020000c40        0x4 build/k_kernel.o
 .bss.k_configured
                0x0000000020000c44        0x1 build/k_kernel.o
 *fill*         0x0000000020000c45        0x3 
 .bss.k_rdy_list
                0x0000000020000c48      0x104 build/k_kernel.o
 .bss.k_running
                0x0000000020000d4c        0x1 build/k_kernel.o
                0x0000000020000d4c                k_running
 *fill*         0x0000000020000d4d        0x3 
 .bss.k_timed_list
                0x0000000020000d50        0x8 build/k_kernel.o
 .bss.stack_idle_thread
                0x0000000020000d58      0x200 build/k_kernel.o
 .bss.wu_info   0x0000000020000f58        0xc build/k_kernel.o
 *(COMMON)
 COMMON         0x0000000020000f64       0x70 build/usart.o
                0x0000000020000f64                huart1
 COMMON         0x0000000020000fd4        0x4 build/stm32f3xx_hal.o
                0x0000000020000fd4                uwTick
 COMMON         0x0000000020000fd8        0x4 build/k_raw_timer.o
                0x0000000020000fd8                actual_timer
 COMMON         0x0000000020000fdc        0xc build/k_kernel.o
                0x0000000020000fdc                irq_lock_nest
                0x0000000020000fe0                k_current_task
                0x0000000020000fe4                k_high_prio_task
                0x0000000020000fe8                . = ALIGN (0x4)
                0x0000000020000fe8                _ebss = .
                0x0000000020000fe8                __bss_end__ = _ebss

._user_heap_stack
                0x0000000020000fe8      0x600
                0x0000000020000fe8                . = ALIGN (0x8)
                [!provide]                        PROVIDE (end, .)
                [!provide]                        PROVIDE (_end, .)
                0x00000000200011e8                . = (. + _Min_Heap_Size)
 *fill*         0x0000000020000fe8      0x200 
                0x00000000200015e8                . = (. + _Min_Stack_Size)
 *fill*         0x00000000200011e8      0x400 
                0x00000000200015e8                . = ALIGN (0x8)

/DISCARD/
 libc.a(*)
 libm.a(*)
 libgcc.a(*)

.ARM.attributes
                0x0000000000000000       0x30
 *(.ARM.attributes)
 .ARM.attributes
                0x0000000000000000       0x22 /home/venturus/gcc-arm-none-eabi-6-2017-q2-update/bin/../lib/gcc/arm-none-eabi/6.3.1/thumb/v7e-m/fpv4-sp/hard/crti.o
 .ARM.attributes
                0x0000000000000022       0x34 /home/venturus/gcc-arm-none-eabi-6-2017-q2-update/bin/../lib/gcc/arm-none-eabi/6.3.1/thumb/v7e-m/fpv4-sp/hard/crtbegin.o
 .ARM.attributes
                0x0000000000000056       0x39 build/usart.o
 .ARM.attributes
                0x000000000000008f       0x39 build/stm32f3xx_hal.o
 .ARM.attributes
                0x00000000000000c8       0x39 build/main.o
 .ARM.attributes
                0x0000000000000101       0x39 build/stm32f3xx_hal_rcc.o
 .ARM.attributes
                0x000000000000013a       0x39 build/stm32f3xx_it.o
 .ARM.attributes
                0x0000000000000173       0x39 build/stm32f3xx_hal_msp.o
 .ARM.attributes
                0x00000000000001ac       0x39 build/stm32f3xx_hal_uart_ex.o
 .ARM.attributes
                0x00000000000001e5       0x39 build/stm32f3xx_hal_uart.o
 .ARM.attributes
                0x000000000000021e       0x39 build/stm32f3xx_hal_rcc_ex.o
 .ARM.attributes
                0x0000000000000257       0x39 build/stm32f3xx_hal_gpio.o
 .ARM.attributes
                0x0000000000000290       0x39 build/gpio.o
 .ARM.attributes
                0x00000000000002c9       0x39 build/stm32f3xx_hal_dma.o
 .ARM.attributes
                0x0000000000000302       0x39 build/system_stm32f3xx.o
 .ARM.attributes
                0x000000000000033b       0x39 build/stm32f3xx_hal_cortex.o
 .ARM.attributes
                0x0000000000000374       0x39 build/k_thread.o
 .ARM.attributes
                0x00000000000003ad       0x39 build/k_raw_timer.o
 .ARM.attributes
                0x00000000000003e6       0x39 build/k_kernel.o
 .ARM.attributes
                0x000000000000041f       0x39 build/k_port_cm3_4_7.o
 .ARM.attributes
                0x0000000000000458       0x21 build/startup_stm32f334x8.o
 .ARM.attributes
                0x0000000000000479       0x25 build/k_port_cm3_4_7_a.o
 .ARM.attributes
                0x000000000000049e       0x34 /home/venturus/gcc-arm-none-eabi-6-2017-q2-update/bin/../lib/gcc/arm-none-eabi/6.3.1/../../../../arm-none-eabi/lib/thumb/v7e-m/fpv4-sp/hard/libc_nano.a(lib_a-init.o)
 .ARM.attributes
                0x00000000000004d2       0x22 /home/venturus/gcc-arm-none-eabi-6-2017-q2-update/bin/../lib/gcc/arm-none-eabi/6.3.1/thumb/v7e-m/fpv4-sp/hard/crtn.o
OUTPUT(build/test.elf elf32-littlearm)

.debug_info     0x0000000000000000    0x17021
 .debug_info    0x0000000000000000     0x151b build/usart.o
 .debug_info    0x000000000000151b     0x10ef build/stm32f3xx_hal.o
 .debug_info    0x000000000000260a     0x1af2 build/main.o
 .debug_info    0x00000000000040fc     0x1d50 build/stm32f3xx_hal_rcc.o
 .debug_info    0x0000000000005e4c     0x1092 build/stm32f3xx_it.o
 .debug_info    0x0000000000006ede      0xdab build/stm32f3xx_hal_msp.o
 .debug_info    0x0000000000007c89     0x12ed build/stm32f3xx_hal_uart_ex.o
 .debug_info    0x0000000000008f76     0x248e build/stm32f3xx_hal_uart.o
 .debug_info    0x000000000000b404      0xf9a build/stm32f3xx_hal_rcc_ex.o
 .debug_info    0x000000000000c39e     0x112b build/stm32f3xx_hal_gpio.o
 .debug_info    0x000000000000d4c9      0xcf8 build/gpio.o
 .debug_info    0x000000000000e1c1     0x11a9 build/stm32f3xx_hal_dma.o
 .debug_info    0x000000000000f36a      0xd69 build/system_stm32f3xx.o
 .debug_info    0x00000000000100d3     0x1630 build/stm32f3xx_hal_cortex.o
 .debug_info    0x0000000000011703     0x170d build/k_thread.o
 .debug_info    0x0000000000012e10     0x18d8 build/k_raw_timer.o
 .debug_info    0x00000000000146e8     0x1835 build/k_kernel.o
 .debug_info    0x0000000000015f1d     0x1000 build/k_port_cm3_4_7.o
 .debug_info    0x0000000000016f1d       0x76 build/startup_stm32f334x8.o
 .debug_info    0x0000000000016f93       0x8e build/k_port_cm3_4_7_a.o

.debug_abbrev   0x0000000000000000     0x3310
 .debug_abbrev  0x0000000000000000      0x242 build/usart.o
 .debug_abbrev  0x0000000000000242      0x2b8 build/stm32f3xx_hal.o
 .debug_abbrev  0x00000000000004fa      0x2c8 build/main.o
 .debug_abbrev  0x00000000000007c2      0x35b build/stm32f3xx_hal_rcc.o
 .debug_abbrev  0x0000000000000b1d      0x1f0 build/stm32f3xx_it.o
 .debug_abbrev  0x0000000000000d0d      0x214 build/stm32f3xx_hal_msp.o
 .debug_abbrev  0x0000000000000f21      0x2a4 build/stm32f3xx_hal_uart_ex.o
 .debug_abbrev  0x00000000000011c5      0x31a build/stm32f3xx_hal_uart.o
 .debug_abbrev  0x00000000000014df      0x316 build/stm32f3xx_hal_rcc_ex.o
 .debug_abbrev  0x00000000000017f5      0x2bc build/stm32f3xx_hal_gpio.o
 .debug_abbrev  0x0000000000001ab1      0x1f3 build/gpio.o
 .debug_abbrev  0x0000000000001ca4      0x2ea build/stm32f3xx_hal_dma.o
 .debug_abbrev  0x0000000000001f8e      0x1e6 build/system_stm32f3xx.o
 .debug_abbrev  0x0000000000002174      0x3b5 build/stm32f3xx_hal_cortex.o
 .debug_abbrev  0x0000000000002529      0x34b build/k_thread.o
 .debug_abbrev  0x0000000000002874      0x3ea build/k_raw_timer.o
 .debug_abbrev  0x0000000000002c5e      0x419 build/k_kernel.o
 .debug_abbrev  0x0000000000003077      0x273 build/k_port_cm3_4_7.o
 .debug_abbrev  0x00000000000032ea       0x12 build/startup_stm32f334x8.o
 .debug_abbrev  0x00000000000032fc       0x14 build/k_port_cm3_4_7_a.o

.debug_loc      0x0000000000000000     0x6d84
 .debug_loc     0x0000000000000000       0xd3 build/usart.o
 .debug_loc     0x00000000000000d3      0x101 build/stm32f3xx_hal.o
 .debug_loc     0x00000000000001d4      0x16a build/main.o
 .debug_loc     0x000000000000033e      0xa0f build/stm32f3xx_hal_rcc.o
 .debug_loc     0x0000000000000d4d       0x20 build/stm32f3xx_it.o
 .debug_loc     0x0000000000000d6d       0x38 build/stm32f3xx_hal_msp.o
 .debug_loc     0x0000000000000da5      0x3c4 build/stm32f3xx_hal_uart_ex.o
 .debug_loc     0x0000000000001169     0x1b79 build/stm32f3xx_hal_uart.o
 .debug_loc     0x0000000000002ce2      0x532 build/stm32f3xx_hal_rcc_ex.o
 .debug_loc     0x0000000000003214      0x3ed build/stm32f3xx_hal_gpio.o
 .debug_loc     0x0000000000003601       0x38 build/gpio.o
 .debug_loc     0x0000000000003639      0x838 build/stm32f3xx_hal_dma.o
 .debug_loc     0x0000000000003e71       0xff build/system_stm32f3xx.o
 .debug_loc     0x0000000000003f70      0x63d build/stm32f3xx_hal_cortex.o
 .debug_loc     0x00000000000045ad      0xe63 build/k_thread.o
 .debug_loc     0x0000000000005410      0xcd8 build/k_raw_timer.o
 .debug_loc     0x00000000000060e8      0xbdb build/k_kernel.o
 .debug_loc     0x0000000000006cc3       0xc1 build/k_port_cm3_4_7.o

.debug_aranges  0x0000000000000000      0x870
 .debug_aranges
                0x0000000000000000       0x30 build/usart.o
 .debug_aranges
                0x0000000000000030       0xc8 build/stm32f3xx_hal.o
 .debug_aranges
                0x00000000000000f8       0x50 build/main.o
 .debug_aranges
                0x0000000000000148       0x88 build/stm32f3xx_hal_rcc.o
 .debug_aranges
                0x00000000000001d0       0x50 build/stm32f3xx_it.o
 .debug_aranges
                0x0000000000000220       0x20 build/stm32f3xx_hal_msp.o
 .debug_aranges
                0x0000000000000240       0x48 build/stm32f3xx_hal_uart_ex.o
 .debug_aranges
                0x0000000000000288      0x1f0 build/stm32f3xx_hal_uart.o
 .debug_aranges
                0x0000000000000478       0x38 build/stm32f3xx_hal_rcc_ex.o
 .debug_aranges
                0x00000000000004b0       0x58 build/stm32f3xx_hal_gpio.o
 .debug_aranges
                0x0000000000000508       0x20 build/gpio.o
 .debug_aranges
                0x0000000000000528       0x88 build/stm32f3xx_hal_dma.o
 .debug_aranges
                0x00000000000005b0       0x28 build/system_stm32f3xx.o
 .debug_aranges
                0x00000000000005d8       0x90 build/stm32f3xx_hal_cortex.o
 .debug_aranges
                0x0000000000000668       0x78 build/k_thread.o
 .debug_aranges
                0x00000000000006e0       0x58 build/k_raw_timer.o
 .debug_aranges
                0x0000000000000738       0x80 build/k_kernel.o
 .debug_aranges
                0x00000000000007b8       0x70 build/k_port_cm3_4_7.o
 .debug_aranges
                0x0000000000000828       0x28 build/startup_stm32f334x8.o
 .debug_aranges
                0x0000000000000850       0x20 build/k_port_cm3_4_7_a.o

.debug_ranges   0x0000000000000000      0xbe0
 .debug_ranges  0x0000000000000000       0x20 build/usart.o
 .debug_ranges  0x0000000000000020       0xb8 build/stm32f3xx_hal.o
 .debug_ranges  0x00000000000000d8       0x40 build/main.o
 .debug_ranges  0x0000000000000118       0x98 build/stm32f3xx_hal_rcc.o
 .debug_ranges  0x00000000000001b0       0x40 build/stm32f3xx_it.o
 .debug_ranges  0x00000000000001f0       0x10 build/stm32f3xx_hal_msp.o
 .debug_ranges  0x0000000000000200       0x38 build/stm32f3xx_hal_uart_ex.o
 .debug_ranges  0x0000000000000238      0x1e0 build/stm32f3xx_hal_uart.o
 .debug_ranges  0x0000000000000418       0x40 build/stm32f3xx_hal_rcc_ex.o
 .debug_ranges  0x0000000000000458       0x48 build/stm32f3xx_hal_gpio.o
 .debug_ranges  0x00000000000004a0       0x10 build/gpio.o
 .debug_ranges  0x00000000000004b0       0x78 build/stm32f3xx_hal_dma.o
 .debug_ranges  0x0000000000000528       0x18 build/system_stm32f3xx.o
 .debug_ranges  0x0000000000000540       0xe0 build/stm32f3xx_hal_cortex.o
 .debug_ranges  0x0000000000000620       0x98 build/k_thread.o
 .debug_ranges  0x00000000000006b8      0x240 build/k_raw_timer.o
 .debug_ranges  0x00000000000008f8      0x268 build/k_kernel.o
 .debug_ranges  0x0000000000000b60       0x60 build/k_port_cm3_4_7.o
 .debug_ranges  0x0000000000000bc0       0x20 build/startup_stm32f334x8.o

.debug_line     0x0000000000000000     0x5086
 .debug_line    0x0000000000000000      0x2d8 build/usart.o
 .debug_line    0x00000000000002d8      0x3e6 build/stm32f3xx_hal.o
 .debug_line    0x00000000000006be      0x449 build/main.o
 .debug_line    0x0000000000000b07      0x74f build/stm32f3xx_hal_rcc.o
 .debug_line    0x0000000000001256      0x2c0 build/stm32f3xx_it.o
 .debug_line    0x0000000000001516      0x241 build/stm32f3xx_hal_msp.o
 .debug_line    0x0000000000001757      0x39d build/stm32f3xx_hal_uart_ex.o
 .debug_line    0x0000000000001af4      0xcfb build/stm32f3xx_hal_uart.o
 .debug_line    0x00000000000027ef      0x44a build/stm32f3xx_hal_rcc_ex.o
 .debug_line    0x0000000000002c39      0x3bb build/stm32f3xx_hal_gpio.o
 .debug_line    0x0000000000002ff4      0x234 build/gpio.o
 .debug_line    0x0000000000003228      0x4c0 build/stm32f3xx_hal_dma.o
 .debug_line    0x00000000000036e8      0x230 build/system_stm32f3xx.o
 .debug_line    0x0000000000003918      0x3c5 build/stm32f3xx_hal_cortex.o
 .debug_line    0x0000000000003cdd      0x487 build/k_thread.o
 .debug_line    0x0000000000004164      0x568 build/k_raw_timer.o
 .debug_line    0x00000000000046cc      0x561 build/k_kernel.o
 .debug_line    0x0000000000004c2d      0x339 build/k_port_cm3_4_7.o
 .debug_line    0x0000000000004f66       0x74 build/startup_stm32f334x8.o
 .debug_line    0x0000000000004fda       0xac build/k_port_cm3_4_7_a.o

.debug_str      0x0000000000000000     0x2e59
 .debug_str     0x0000000000000000      0xea1 build/usart.o
                                        0xf5d (size before relaxing)
 .debug_str     0x0000000000000ea1      0x27e build/stm32f3xx_hal.o
                                        0xc58 (size before relaxing)
 .debug_str     0x000000000000111f      0x3a5 build/main.o
                                       0x1228 (size before relaxing)
 .debug_str     0x00000000000014c4      0x1c8 build/stm32f3xx_hal_rcc.o
                                        0xa6b (size before relaxing)
 .debug_str     0x000000000000168c       0x9e build/stm32f3xx_it.o
                                        0xaf1 (size before relaxing)
 .debug_str     0x000000000000172a       0x18 build/stm32f3xx_hal_msp.o
                                        0x9ec (size before relaxing)
 .debug_str     0x0000000000001742      0x1bf build/stm32f3xx_hal_uart_ex.o
                                        0xc84 (size before relaxing)
 .debug_str     0x0000000000001901      0x5ea build/stm32f3xx_hal_uart.o
                                       0x1280 (size before relaxing)
 .debug_str     0x0000000000001eeb       0xc5 build/stm32f3xx_hal_rcc_ex.o
                                        0x8bd (size before relaxing)
 .debug_str     0x0000000000001fb0      0x1b8 build/stm32f3xx_hal_gpio.o
                                        0x8fe (size before relaxing)
 .debug_str     0x0000000000002168        0xb build/gpio.o
                                        0x6e1 (size before relaxing)
 .debug_str     0x0000000000002173      0x215 build/stm32f3xx_hal_dma.o
                                        0xa73 (size before relaxing)
 .debug_str     0x0000000000002388       0xa1 build/system_stm32f3xx.o
                                        0x6e8 (size before relaxing)
 .debug_str     0x0000000000002429      0x21f build/stm32f3xx_hal_cortex.o
                                        0xd7e (size before relaxing)
 .debug_str     0x0000000000002648      0x3bc build/k_thread.o
                                        0xa56 (size before relaxing)
 .debug_str     0x0000000000002a04      0x1f0 build/k_raw_timer.o
                                        0xb53 (size before relaxing)
 .debug_str     0x0000000000002bf4      0x168 build/k_kernel.o
                                        0xba5 (size before relaxing)
 .debug_str     0x0000000000002d5c       0xfd build/k_port_cm3_4_7.o
                                        0x867 (size before relaxing)

.comment        0x0000000000000000       0x7f
 .comment       0x0000000000000000       0x7f build/usart.o
                                         0x80 (size before relaxing)
 .comment       0x000000000000007f       0x80 build/stm32f3xx_hal.o
 .comment       0x000000000000007f       0x80 build/main.o
 .comment       0x000000000000007f       0x80 build/stm32f3xx_hal_rcc.o
 .comment       0x000000000000007f       0x80 build/stm32f3xx_it.o
 .comment       0x000000000000007f       0x80 build/stm32f3xx_hal_msp.o
 .comment       0x000000000000007f       0x80 build/stm32f3xx_hal_uart_ex.o
 .comment       0x000000000000007f       0x80 build/stm32f3xx_hal_uart.o
 .comment       0x000000000000007f       0x80 build/stm32f3xx_hal_rcc_ex.o
 .comment       0x000000000000007f       0x80 build/stm32f3xx_hal_gpio.o
 .comment       0x000000000000007f       0x80 build/gpio.o
 .comment       0x000000000000007f       0x80 build/stm32f3xx_hal_dma.o
 .comment       0x000000000000007f       0x80 build/system_stm32f3xx.o
 .comment       0x000000000000007f       0x80 build/stm32f3xx_hal_cortex.o
 .comment       0x000000000000007f       0x80 build/k_thread.o
 .comment       0x000000000000007f       0x80 build/k_raw_timer.o
 .comment       0x000000000000007f       0x80 build/k_kernel.o
 .comment       0x000000000000007f       0x80 build/k_port_cm3_4_7.o

.debug_frame    0x0000000000000000     0x15f0
 .debug_frame   0x0000000000000000       0x64 build/usart.o
 .debug_frame   0x0000000000000064      0x1a8 build/stm32f3xx_hal.o
 .debug_frame   0x000000000000020c       0xcc build/main.o
 .debug_frame   0x00000000000002d8      0x158 build/stm32f3xx_hal_rcc.o
 .debug_frame   0x0000000000000430       0x8c build/stm32f3xx_it.o
 .debug_frame   0x00000000000004bc       0x2c build/stm32f3xx_hal_msp.o
 .debug_frame   0x00000000000004e8       0xd0 build/stm32f3xx_hal_uart_ex.o
 .debug_frame   0x00000000000005b8      0x620 build/stm32f3xx_hal_uart.o
 .debug_frame   0x0000000000000bd8       0x8c build/stm32f3xx_hal_rcc_ex.o
 .debug_frame   0x0000000000000c64       0xe4 build/stm32f3xx_hal_gpio.o
 .debug_frame   0x0000000000000d48       0x34 build/gpio.o
 .debug_frame   0x0000000000000d7c      0x190 build/stm32f3xx_hal_dma.o
 .debug_frame   0x0000000000000f0c       0x30 build/system_stm32f3xx.o
 .debug_frame   0x0000000000000f3c      0x13c build/stm32f3xx_hal_cortex.o
 .debug_frame   0x0000000000001078      0x19c build/k_thread.o
 .debug_frame   0x0000000000001214      0x140 build/k_raw_timer.o
 .debug_frame   0x0000000000001354      0x180 build/k_kernel.o
 .debug_frame   0x00000000000014d4       0xf0 build/k_port_cm3_4_7.o
 .debug_frame   0x00000000000015c4       0x2c /home/venturus/gcc-arm-none-eabi-6-2017-q2-update/bin/../lib/gcc/arm-none-eabi/6.3.1/../../../../arm-none-eabi/lib/thumb/v7e-m/fpv4-sp/hard/libc_nano.a(lib_a-init.o)

Cross Reference Table

Symbol                                            File
ADC1_2_IRQHandler                                 build/startup_stm32f334x8.o
AHBPrescTable                                     build/system_stm32f3xx.o
                                                  build/stm32f3xx_hal_rcc.o
APBPrescTable                                     build/system_stm32f3xx.o
                                                  build/stm32f3xx_hal_rcc.o
BusFault_Handler                                  build/stm32f3xx_it.o
CAN_RX0_IRQHandler                                build/startup_stm32f334x8.o
CAN_RX1_IRQHandler                                build/startup_stm32f334x8.o
CAN_SCE_IRQHandler                                build/startup_stm32f334x8.o
CAN_TX_IRQHandler                                 build/startup_stm32f334x8.o
COMP2_IRQHandler                                  build/startup_stm32f334x8.o
COMP4_6_IRQHandler                                build/startup_stm32f334x8.o
DMA1_Channel1_IRQHandler                          build/startup_stm32f334x8.o
DMA1_Channel2_IRQHandler                          build/startup_stm32f334x8.o
DMA1_Channel3_IRQHandler                          build/startup_stm32f334x8.o
DMA1_Channel4_IRQHandler                          build/startup_stm32f334x8.o
DMA1_Channel5_IRQHandler                          build/startup_stm32f334x8.o
DMA1_Channel6_IRQHandler                          build/startup_stm32f334x8.o
DMA1_Channel7_IRQHandler                          build/startup_stm32f334x8.o
DebugMon_Handler                                  build/stm32f3xx_it.o
Default_Handler                                   build/startup_stm32f334x8.o
EXTI0_IRQHandler                                  build/startup_stm32f334x8.o
EXTI15_10_IRQHandler                              build/startup_stm32f334x8.o
EXTI1_IRQHandler                                  build/startup_stm32f334x8.o
EXTI2_TSC_IRQHandler                              build/startup_stm32f334x8.o
EXTI3_IRQHandler                                  build/startup_stm32f334x8.o
EXTI4_IRQHandler                                  build/startup_stm32f334x8.o
EXTI9_5_IRQHandler                                build/startup_stm32f334x8.o
FLASH_IRQHandler                                  build/startup_stm32f334x8.o
FLASH_PageErase                                   build/stm32f3xx_hal_flash_ex.o
                                                  build/stm32f3xx_hal_flash.o
FLASH_WaitForLastOperation                        build/stm32f3xx_hal_flash.o
                                                  build/stm32f3xx_hal_flash_ex.o
FPU_IRQHandler                                    build/startup_stm32f334x8.o
HAL_DBGMCU_DisableDBGSleepMode                    build/stm32f3xx_hal.o
HAL_DBGMCU_DisableDBGStandbyMode                  build/stm32f3xx_hal.o
HAL_DBGMCU_DisableDBGStopMode                     build/stm32f3xx_hal.o
HAL_DBGMCU_EnableDBGSleepMode                     build/stm32f3xx_hal.o
HAL_DBGMCU_EnableDBGStandbyMode                   build/stm32f3xx_hal.o
HAL_DBGMCU_EnableDBGStopMode                      build/stm32f3xx_hal.o
HAL_DMA_Abort                                     build/stm32f3xx_hal_dma.o
                                                  build/stm32f3xx_hal_uart.o
HAL_DMA_Abort_IT                                  build/stm32f3xx_hal_dma.o
                                                  build/stm32f3xx_hal_uart.o
                                                  build/stm32f3xx_hal_i2c.o
HAL_DMA_DeInit                                    build/stm32f3xx_hal_dma.o
HAL_DMA_GetError                                  build/stm32f3xx_hal_dma.o
HAL_DMA_GetState                                  build/stm32f3xx_hal_dma.o
HAL_DMA_IRQHandler                                build/stm32f3xx_hal_dma.o
HAL_DMA_Init                                      build/stm32f3xx_hal_dma.o
HAL_DMA_PollForTransfer                           build/stm32f3xx_hal_dma.o
HAL_DMA_RegisterCallback                          build/stm32f3xx_hal_dma.o
HAL_DMA_Start                                     build/stm32f3xx_hal_dma.o
HAL_DMA_Start_IT                                  build/stm32f3xx_hal_dma.o
                                                  build/stm32f3xx_hal_uart.o
                                                  build/stm32f3xx_hal_i2c.o
HAL_DMA_UnRegisterCallback                        build/stm32f3xx_hal_dma.o
HAL_DeInit                                        build/stm32f3xx_hal.o
HAL_Delay                                         build/stm32f3xx_hal.o
HAL_FLASHEx_Erase                                 build/stm32f3xx_hal_flash_ex.o
HAL_FLASHEx_Erase_IT                              build/stm32f3xx_hal_flash_ex.o
HAL_FLASHEx_OBErase                               build/stm32f3xx_hal_flash_ex.o
HAL_FLASHEx_OBGetConfig                           build/stm32f3xx_hal_flash_ex.o
HAL_FLASHEx_OBGetUserData                         build/stm32f3xx_hal_flash_ex.o
HAL_FLASHEx_OBProgram                             build/stm32f3xx_hal_flash_ex.o
HAL_FLASH_EndOfOperationCallback                  build/stm32f3xx_hal_flash.o
HAL_FLASH_GetError                                build/stm32f3xx_hal_flash.o
HAL_FLASH_IRQHandler                              build/stm32f3xx_hal_flash.o
HAL_FLASH_Lock                                    build/stm32f3xx_hal_flash.o
HAL_FLASH_OB_Launch                               build/stm32f3xx_hal_flash.o
HAL_FLASH_OB_Lock                                 build/stm32f3xx_hal_flash.o
HAL_FLASH_OB_Unlock                               build/stm32f3xx_hal_flash.o
HAL_FLASH_OperationErrorCallback                  build/stm32f3xx_hal_flash.o
HAL_FLASH_Program                                 build/stm32f3xx_hal_flash.o
HAL_FLASH_Program_IT                              build/stm32f3xx_hal_flash.o
HAL_FLASH_Unlock                                  build/stm32f3xx_hal_flash.o
HAL_GPIO_DeInit                                   build/stm32f3xx_hal_gpio.o
                                                  build/usart.o
HAL_GPIO_EXTI_Callback                            build/stm32f3xx_hal_gpio.o
HAL_GPIO_EXTI_IRQHandler                          build/stm32f3xx_hal_gpio.o
HAL_GPIO_Init                                     build/stm32f3xx_hal_gpio.o
                                                  build/gpio.o
                                                  build/stm32f3xx_hal_rcc.o
                                                  build/usart.o
HAL_GPIO_LockPin                                  build/stm32f3xx_hal_gpio.o
HAL_GPIO_ReadPin                                  build/stm32f3xx_hal_gpio.o
HAL_GPIO_TogglePin                                build/stm32f3xx_hal_gpio.o
                                                  build/main.o
HAL_GPIO_WritePin                                 build/stm32f3xx_hal_gpio.o
HAL_GetDEVID                                      build/stm32f3xx_hal.o
HAL_GetHalVersion                                 build/stm32f3xx_hal.o
HAL_GetREVID                                      build/stm32f3xx_hal.o
HAL_GetTick                                       build/stm32f3xx_hal.o
                                                  build/stm32f3xx_hal_dma.o
                                                  build/stm32f3xx_hal_rcc_ex.o
                                                  build/stm32f3xx_hal_uart.o
                                                  build/stm32f3xx_hal_uart_ex.o
                                                  build/stm32f3xx_hal_flash.o
                                                  build/stm32f3xx_hal_rcc.o
                                                  build/stm32f3xx_hal_i2c.o
HAL_GetUIDw0                                      build/stm32f3xx_hal.o
HAL_GetUIDw1                                      build/stm32f3xx_hal.o
HAL_GetUIDw2                                      build/stm32f3xx_hal.o
HAL_HalfDuplex_EnableReceiver                     build/stm32f3xx_hal_uart.o
HAL_HalfDuplex_EnableTransmitter                  build/stm32f3xx_hal_uart.o
HAL_HalfDuplex_Init                               build/stm32f3xx_hal_uart.o
HAL_I2CEx_ConfigAnalogFilter                      build/stm32f3xx_hal_i2c_ex.o
HAL_I2CEx_ConfigDigitalFilter                     build/stm32f3xx_hal_i2c_ex.o
HAL_I2CEx_DisableFastModePlus                     build/stm32f3xx_hal_i2c_ex.o
HAL_I2CEx_DisableWakeUp                           build/stm32f3xx_hal_i2c_ex.o
HAL_I2CEx_EnableFastModePlus                      build/stm32f3xx_hal_i2c_ex.o
HAL_I2CEx_EnableWakeUp                            build/stm32f3xx_hal_i2c_ex.o
HAL_I2C_AbortCpltCallback                         build/stm32f3xx_hal_i2c.o
HAL_I2C_AddrCallback                              build/stm32f3xx_hal_i2c.o
HAL_I2C_DeInit                                    build/stm32f3xx_hal_i2c.o
HAL_I2C_DisableListen_IT                          build/stm32f3xx_hal_i2c.o
HAL_I2C_ER_IRQHandler                             build/stm32f3xx_hal_i2c.o
HAL_I2C_EV_IRQHandler                             build/stm32f3xx_hal_i2c.o
HAL_I2C_EnableListen_IT                           build/stm32f3xx_hal_i2c.o
HAL_I2C_ErrorCallback                             build/stm32f3xx_hal_i2c.o
HAL_I2C_GetError                                  build/stm32f3xx_hal_i2c.o
HAL_I2C_GetMode                                   build/stm32f3xx_hal_i2c.o
HAL_I2C_GetState                                  build/stm32f3xx_hal_i2c.o
HAL_I2C_Init                                      build/stm32f3xx_hal_i2c.o
HAL_I2C_IsDeviceReady                             build/stm32f3xx_hal_i2c.o
HAL_I2C_ListenCpltCallback                        build/stm32f3xx_hal_i2c.o
HAL_I2C_MasterRxCpltCallback                      build/stm32f3xx_hal_i2c.o
HAL_I2C_MasterTxCpltCallback                      build/stm32f3xx_hal_i2c.o
HAL_I2C_Master_Abort_IT                           build/stm32f3xx_hal_i2c.o
HAL_I2C_Master_Receive                            build/stm32f3xx_hal_i2c.o
HAL_I2C_Master_Receive_DMA                        build/stm32f3xx_hal_i2c.o
HAL_I2C_Master_Receive_IT                         build/stm32f3xx_hal_i2c.o
HAL_I2C_Master_Sequential_Receive_IT              build/stm32f3xx_hal_i2c.o
HAL_I2C_Master_Sequential_Transmit_IT             build/stm32f3xx_hal_i2c.o
HAL_I2C_Master_Transmit                           build/stm32f3xx_hal_i2c.o
HAL_I2C_Master_Transmit_DMA                       build/stm32f3xx_hal_i2c.o
HAL_I2C_Master_Transmit_IT                        build/stm32f3xx_hal_i2c.o
HAL_I2C_MemRxCpltCallback                         build/stm32f3xx_hal_i2c.o
HAL_I2C_MemTxCpltCallback                         build/stm32f3xx_hal_i2c.o
HAL_I2C_Mem_Read                                  build/stm32f3xx_hal_i2c.o
HAL_I2C_Mem_Read_DMA                              build/stm32f3xx_hal_i2c.o
HAL_I2C_Mem_Read_IT                               build/stm32f3xx_hal_i2c.o
HAL_I2C_Mem_Write                                 build/stm32f3xx_hal_i2c.o
HAL_I2C_Mem_Write_DMA                             build/stm32f3xx_hal_i2c.o
HAL_I2C_Mem_Write_IT                              build/stm32f3xx_hal_i2c.o
HAL_I2C_MspDeInit                                 build/stm32f3xx_hal_i2c.o
HAL_I2C_MspInit                                   build/stm32f3xx_hal_i2c.o
HAL_I2C_SlaveRxCpltCallback                       build/stm32f3xx_hal_i2c.o
HAL_I2C_SlaveTxCpltCallback                       build/stm32f3xx_hal_i2c.o
HAL_I2C_Slave_Receive                             build/stm32f3xx_hal_i2c.o
HAL_I2C_Slave_Receive_DMA                         build/stm32f3xx_hal_i2c.o
HAL_I2C_Slave_Receive_IT                          build/stm32f3xx_hal_i2c.o
HAL_I2C_Slave_Sequential_Receive_IT               build/stm32f3xx_hal_i2c.o
HAL_I2C_Slave_Sequential_Transmit_IT              build/stm32f3xx_hal_i2c.o
HAL_I2C_Slave_Transmit                            build/stm32f3xx_hal_i2c.o
HAL_I2C_Slave_Transmit_DMA                        build/stm32f3xx_hal_i2c.o
HAL_I2C_Slave_Transmit_IT                         build/stm32f3xx_hal_i2c.o
HAL_IncTick                                       build/stm32f3xx_hal.o
HAL_Init                                          build/stm32f3xx_hal.o
                                                  build/main.o
HAL_InitTick                                      build/stm32f3xx_hal.o
                                                  build/stm32f3xx_hal_rcc.o
HAL_LIN_Init                                      build/stm32f3xx_hal_uart.o
HAL_LIN_SendBreak                                 build/stm32f3xx_hal_uart.o
HAL_MspDeInit                                     build/stm32f3xx_hal.o
HAL_MspInit                                       build/stm32f3xx_hal_msp.o
                                                  build/stm32f3xx_hal.o
HAL_MultiProcessorEx_AddressLength_Set            build/stm32f3xx_hal_uart_ex.o
HAL_MultiProcessor_DisableMuteMode                build/stm32f3xx_hal_uart.o
HAL_MultiProcessor_EnableMuteMode                 build/stm32f3xx_hal_uart.o
HAL_MultiProcessor_EnterMuteMode                  build/stm32f3xx_hal_uart.o
HAL_MultiProcessor_Init                           build/stm32f3xx_hal_uart.o
HAL_NVIC_ClearPendingIRQ                          build/stm32f3xx_hal_cortex.o
HAL_NVIC_DisableIRQ                               build/stm32f3xx_hal_cortex.o
                                                  build/usart.o
HAL_NVIC_EnableIRQ                                build/stm32f3xx_hal_cortex.o
                                                  build/usart.o
HAL_NVIC_GetActive                                build/stm32f3xx_hal_cortex.o
HAL_NVIC_GetPendingIRQ                            build/stm32f3xx_hal_cortex.o
HAL_NVIC_GetPriority                              build/stm32f3xx_hal_cortex.o
HAL_NVIC_GetPriorityGrouping                      build/stm32f3xx_hal_cortex.o
HAL_NVIC_SetPendingIRQ                            build/stm32f3xx_hal_cortex.o
HAL_NVIC_SetPriority                              build/stm32f3xx_hal_cortex.o
                                                  build/stm32f3xx_hal_msp.o
                                                  build/main.o
                                                  build/stm32f3xx_hal.o
                                                  build/usart.o
HAL_NVIC_SetPriorityGrouping                      build/stm32f3xx_hal_cortex.o
                                                  build/stm32f3xx_hal_msp.o
                                                  build/stm32f3xx_hal.o
HAL_NVIC_SystemReset                              build/stm32f3xx_hal_cortex.o
HAL_PWR_ConfigPVD                                 build/stm32f3xx_hal_pwr_ex.o
HAL_PWR_DeInit                                    build/stm32f3xx_hal_pwr.o
HAL_PWR_DisableBkUpAccess                         build/stm32f3xx_hal_pwr.o
HAL_PWR_DisablePVD                                build/stm32f3xx_hal_pwr_ex.o
HAL_PWR_DisableSEVOnPend                          build/stm32f3xx_hal_pwr.o
HAL_PWR_DisableSleepOnExit                        build/stm32f3xx_hal_pwr.o
HAL_PWR_DisableWakeUpPin                          build/stm32f3xx_hal_pwr.o
HAL_PWR_EnableBkUpAccess                          build/stm32f3xx_hal_pwr.o
HAL_PWR_EnablePVD                                 build/stm32f3xx_hal_pwr_ex.o
HAL_PWR_EnableSEVOnPend                           build/stm32f3xx_hal_pwr.o
HAL_PWR_EnableSleepOnExit                         build/stm32f3xx_hal_pwr.o
HAL_PWR_EnableWakeUpPin                           build/stm32f3xx_hal_pwr.o
HAL_PWR_EnterSLEEPMode                            build/stm32f3xx_hal_pwr.o
HAL_PWR_EnterSTANDBYMode                          build/stm32f3xx_hal_pwr.o
HAL_PWR_EnterSTOPMode                             build/stm32f3xx_hal_pwr.o
HAL_PWR_PVDCallback                               build/stm32f3xx_hal_pwr_ex.o
HAL_PWR_PVD_IRQHandler                            build/stm32f3xx_hal_pwr_ex.o
HAL_RCCEx_GetPeriphCLKConfig                      build/stm32f3xx_hal_rcc_ex.o
HAL_RCCEx_GetPeriphCLKFreq                        build/stm32f3xx_hal_rcc_ex.o
HAL_RCCEx_PeriphCLKConfig                         build/stm32f3xx_hal_rcc_ex.o
                                                  build/main.o
HAL_RCC_CSSCallback                               build/stm32f3xx_hal_rcc.o
HAL_RCC_ClockConfig                               build/stm32f3xx_hal_rcc.o
                                                  build/main.o
HAL_RCC_DeInit                                    build/stm32f3xx_hal_rcc.o
HAL_RCC_DisableCSS                                build/stm32f3xx_hal_rcc.o
HAL_RCC_EnableCSS                                 build/stm32f3xx_hal_rcc.o
HAL_RCC_GetClockConfig                            build/stm32f3xx_hal_rcc.o
HAL_RCC_GetHCLKFreq                               build/stm32f3xx_hal_rcc.o
                                                  build/main.o
HAL_RCC_GetOscConfig                              build/stm32f3xx_hal_rcc.o
HAL_RCC_GetPCLK1Freq                              build/stm32f3xx_hal_rcc.o
                                                  build/stm32f3xx_hal_rcc_ex.o
                                                  build/stm32f3xx_hal_uart.o
HAL_RCC_GetPCLK2Freq                              build/stm32f3xx_hal_rcc.o
                                                  build/stm32f3xx_hal_uart.o
HAL_RCC_GetSysClockFreq                           build/stm32f3xx_hal_rcc.o
                                                  build/stm32f3xx_hal_rcc_ex.o
                                                  build/stm32f3xx_hal_uart.o
HAL_RCC_MCOConfig                                 build/stm32f3xx_hal_rcc.o
HAL_RCC_NMI_IRQHandler                            build/stm32f3xx_hal_rcc.o
HAL_RCC_OscConfig                                 build/stm32f3xx_hal_rcc.o
                                                  build/main.o
HAL_RS485Ex_Init                                  build/stm32f3xx_hal_uart_ex.o
HAL_ResumeTick                                    build/stm32f3xx_hal.o
HAL_SYSTICK_CLKSourceConfig                       build/stm32f3xx_hal_cortex.o
                                                  build/main.o
HAL_SYSTICK_Callback                              build/stm32f3xx_hal_cortex.o
HAL_SYSTICK_Config                                build/stm32f3xx_hal_cortex.o
                                                  build/main.o
                                                  build/stm32f3xx_hal.o
HAL_SYSTICK_IRQHandler                            build/stm32f3xx_hal_cortex.o
HAL_SuspendTick                                   build/stm32f3xx_hal.o
HAL_UARTEx_DisableStopMode                        build/stm32f3xx_hal_uart_ex.o
HAL_UARTEx_EnableStopMode                         build/stm32f3xx_hal_uart_ex.o
HAL_UARTEx_StopModeWakeUpSourceConfig             build/stm32f3xx_hal_uart_ex.o
HAL_UARTEx_WakeupCallback                         build/stm32f3xx_hal_uart_ex.o
                                                  build/stm32f3xx_hal_uart.o
HAL_UART_Abort                                    build/stm32f3xx_hal_uart.o
HAL_UART_AbortCpltCallback                        build/stm32f3xx_hal_uart.o
HAL_UART_AbortReceive                             build/stm32f3xx_hal_uart.o
HAL_UART_AbortReceiveCpltCallback                 build/stm32f3xx_hal_uart.o
HAL_UART_AbortReceive_IT                          build/stm32f3xx_hal_uart.o
HAL_UART_AbortTransmit                            build/stm32f3xx_hal_uart.o
HAL_UART_AbortTransmitCpltCallback                build/stm32f3xx_hal_uart.o
HAL_UART_AbortTransmit_IT                         build/stm32f3xx_hal_uart.o
HAL_UART_Abort_IT                                 build/stm32f3xx_hal_uart.o
HAL_UART_DMAPause                                 build/stm32f3xx_hal_uart.o
HAL_UART_DMAResume                                build/stm32f3xx_hal_uart.o
HAL_UART_DMAStop                                  build/stm32f3xx_hal_uart.o
HAL_UART_DeInit                                   build/stm32f3xx_hal_uart.o
HAL_UART_ErrorCallback                            build/stm32f3xx_hal_uart.o
HAL_UART_GetError                                 build/stm32f3xx_hal_uart.o
HAL_UART_GetState                                 build/stm32f3xx_hal_uart.o
HAL_UART_IRQHandler                               build/stm32f3xx_hal_uart.o
                                                  build/stm32f3xx_it.o
HAL_UART_Init                                     build/stm32f3xx_hal_uart.o
                                                  build/usart.o
HAL_UART_MspDeInit                                build/usart.o
HAL_UART_MspInit                                  build/usart.o
                                                  build/stm32f3xx_hal_uart_ex.o
HAL_UART_Receive                                  build/stm32f3xx_hal_uart.o
HAL_UART_Receive_DMA                              build/stm32f3xx_hal_uart.o
HAL_UART_Receive_IT                               build/stm32f3xx_hal_uart.o
HAL_UART_RxCpltCallback                           build/stm32f3xx_hal_uart.o
HAL_UART_RxHalfCpltCallback                       build/stm32f3xx_hal_uart.o
HAL_UART_Transmit                                 build/stm32f3xx_hal_uart.o
HAL_UART_Transmit_DMA                             build/stm32f3xx_hal_uart.o
HAL_UART_Transmit_IT                              build/stm32f3xx_hal_uart.o
HAL_UART_TxCpltCallback                           build/stm32f3xx_hal_uart.o
HAL_UART_TxHalfCpltCallback                       build/stm32f3xx_hal_uart.o
HRTIM1_FLT_IRQHandler                             build/startup_stm32f334x8.o
HRTIM1_Master_IRQHandler                          build/startup_stm32f334x8.o
HRTIM1_TIMA_IRQHandler                            build/startup_stm32f334x8.o
HRTIM1_TIMB_IRQHandler                            build/startup_stm32f334x8.o
HRTIM1_TIMC_IRQHandler                            build/startup_stm32f334x8.o
HRTIM1_TIMD_IRQHandler                            build/startup_stm32f334x8.o
HRTIM1_TIME_IRQHandler                            build/startup_stm32f334x8.o
HardFault_Handler                                 build/stm32f3xx_it.o
I2C1_ER_IRQHandler                                build/startup_stm32f334x8.o
I2C1_EV_IRQHandler                                build/startup_stm32f334x8.o
MX_GPIO_Init                                      build/gpio.o
                                                  build/main.o
MX_USART1_UART_Init                               build/usart.o
                                                  build/main.o
MemManage_Handler                                 build/stm32f3xx_it.o
NMI_Handler                                       build/stm32f3xx_it.o
PVD_IRQHandler                                    build/startup_stm32f334x8.o
PendSV_Handler                                    build/k_port_cm3_4_7_a.o
                                                  build/startup_stm32f334x8.o
RCC_IRQHandler                                    build/startup_stm32f334x8.o
RTC_Alarm_IRQHandler                              build/startup_stm32f334x8.o
RTC_WKUP_IRQHandler                               build/startup_stm32f334x8.o
Reset_Handler                                     build/startup_stm32f334x8.o
SPI1_IRQHandler                                   build/startup_stm32f334x8.o
SVC_Handler                                       build/k_port_cm3_4_7_a.o
                                                  build/startup_stm32f334x8.o
SysTick_Handler                                   build/k_port_cm3_4_7.o
SystemClock_Config                                build/main.o
SystemCoreClock                                   build/system_stm32f3xx.o
                                                  build/stm32f3xx_hal_rcc_ex.o
                                                  build/stm32f3xx_hal_rcc.o
                                                  build/stm32f3xx_hal.o
SystemCoreClockUpdate                             build/system_stm32f3xx.o
SystemInit                                        build/system_stm32f3xx.o
                                                  build/startup_stm32f334x8.o
TAMP_STAMP_IRQHandler                             build/startup_stm32f334x8.o
TIM1_BRK_TIM15_IRQHandler                         build/startup_stm32f334x8.o
TIM1_CC_IRQHandler                                build/startup_stm32f334x8.o
TIM1_TRG_COM_TIM17_IRQHandler                     build/startup_stm32f334x8.o
TIM1_UP_TIM16_IRQHandler                          build/startup_stm32f334x8.o
TIM2_IRQHandler                                   build/startup_stm32f334x8.o
TIM3_IRQHandler                                   build/startup_stm32f334x8.o
TIM6_DAC1_IRQHandler                              build/startup_stm32f334x8.o
TIM7_DAC2_IRQHandler                              build/startup_stm32f334x8.o
UART_AdvFeatureConfig                             build/stm32f3xx_hal_uart.o
                                                  build/stm32f3xx_hal_uart_ex.o
UART_CheckIdleState                               build/stm32f3xx_hal_uart.o
                                                  build/stm32f3xx_hal_uart_ex.o
UART_EndTransmit_IT                               build/stm32f3xx_hal_uart.o
UART_Receive_IT                                   build/stm32f3xx_hal_uart.o
UART_SetConfig                                    build/stm32f3xx_hal_uart.o
                                                  build/stm32f3xx_hal_uart_ex.o
UART_Transmit_IT                                  build/stm32f3xx_hal_uart.o
UART_WaitOnFlagUntilTimeout                       build/stm32f3xx_hal_uart.o
                                                  build/stm32f3xx_hal_uart_ex.o
UART_Wakeup_AddressConfig                         build/stm32f3xx_hal_uart.o
                                                  build/stm32f3xx_hal_uart_ex.o
USART1_IRQHandler                                 build/stm32f3xx_it.o
USART2_IRQHandler                                 build/startup_stm32f334x8.o
USART3_IRQHandler                                 build/startup_stm32f334x8.o
UsageFault_Handler                                build/stm32f3xx_it.o
WWDG_IRQHandler                                   build/startup_stm32f334x8.o
_Error_Handler                                    build/main.o
                                                  build/usart.o
_Jv_RegisterClasses                               /home/venturus/gcc-arm-none-eabi-6-2017-q2-update/bin/../lib/gcc/arm-none-eabi/6.3.1/thumb/v7e-m/fpv4-sp/hard/crtbegin.o
__bss_end__                                       /home/venturus/gcc-arm-none-eabi-6-2017-q2-update/bin/../lib/gcc/arm-none-eabi/6.3.1/../../../../arm-none-eabi/lib/thumb/v7e-m/fpv4-sp/hard/crt0.o
__bss_start__                                     /home/venturus/gcc-arm-none-eabi-6-2017-q2-update/bin/../lib/gcc/arm-none-eabi/6.3.1/../../../../arm-none-eabi/lib/thumb/v7e-m/fpv4-sp/hard/crt0.o
__call_exitprocs                                  /home/venturus/gcc-arm-none-eabi-6-2017-q2-update/bin/../lib/gcc/arm-none-eabi/6.3.1/../../../../arm-none-eabi/lib/thumb/v7e-m/fpv4-sp/hard/libc_nano.a(lib_a-exit.o)
__deregister_frame_info                           /home/venturus/gcc-arm-none-eabi-6-2017-q2-update/bin/../lib/gcc/arm-none-eabi/6.3.1/thumb/v7e-m/fpv4-sp/hard/crtbegin.o
__dso_handle                                      /home/venturus/gcc-arm-none-eabi-6-2017-q2-update/bin/../lib/gcc/arm-none-eabi/6.3.1/thumb/v7e-m/fpv4-sp/hard/crtbegin.o
__init_array_end                                  /home/venturus/gcc-arm-none-eabi-6-2017-q2-update/bin/../lib/gcc/arm-none-eabi/6.3.1/../../../../arm-none-eabi/lib/thumb/v7e-m/fpv4-sp/hard/libc_nano.a(lib_a-init.o)
__init_array_start                                /home/venturus/gcc-arm-none-eabi-6-2017-q2-update/bin/../lib/gcc/arm-none-eabi/6.3.1/../../../../arm-none-eabi/lib/thumb/v7e-m/fpv4-sp/hard/libc_nano.a(lib_a-init.o)
__libc_fini_array                                 /home/venturus/gcc-arm-none-eabi-6-2017-q2-update/bin/../lib/gcc/arm-none-eabi/6.3.1/../../../../arm-none-eabi/lib/thumb/v7e-m/fpv4-sp/hard/crt0.o
__libc_init_array                                 /home/venturus/gcc-arm-none-eabi-6-2017-q2-update/bin/../lib/gcc/arm-none-eabi/6.3.1/../../../../arm-none-eabi/lib/thumb/v7e-m/fpv4-sp/hard/libc_nano.a(lib_a-init.o)
                                                  build/startup_stm32f334x8.o
                                                  /home/venturus/gcc-arm-none-eabi-6-2017-q2-update/bin/../lib/gcc/arm-none-eabi/6.3.1/../../../../arm-none-eabi/lib/thumb/v7e-m/fpv4-sp/hard/crt0.o
__preinit_array_end                               /home/venturus/gcc-arm-none-eabi-6-2017-q2-update/bin/../lib/gcc/arm-none-eabi/6.3.1/../../../../arm-none-eabi/lib/thumb/v7e-m/fpv4-sp/hard/libc_nano.a(lib_a-init.o)
__preinit_array_start                             /home/venturus/gcc-arm-none-eabi-6-2017-q2-update/bin/../lib/gcc/arm-none-eabi/6.3.1/../../../../arm-none-eabi/lib/thumb/v7e-m/fpv4-sp/hard/libc_nano.a(lib_a-init.o)
__register_frame_info                             /home/venturus/gcc-arm-none-eabi-6-2017-q2-update/bin/../lib/gcc/arm-none-eabi/6.3.1/thumb/v7e-m/fpv4-sp/hard/crtbegin.o
__sf_fake_stderr                                  /home/venturus/gcc-arm-none-eabi-6-2017-q2-update/bin/../lib/gcc/arm-none-eabi/6.3.1/../../../../arm-none-eabi/lib/thumb/v7e-m/fpv4-sp/hard/libc_nano.a(lib_a-impure.o)
__sf_fake_stdin                                   /home/venturus/gcc-arm-none-eabi-6-2017-q2-update/bin/../lib/gcc/arm-none-eabi/6.3.1/../../../../arm-none-eabi/lib/thumb/v7e-m/fpv4-sp/hard/libc_nano.a(lib_a-impure.o)
__sf_fake_stdout                                  /home/venturus/gcc-arm-none-eabi-6-2017-q2-update/bin/../lib/gcc/arm-none-eabi/6.3.1/../../../../arm-none-eabi/lib/thumb/v7e-m/fpv4-sp/hard/libc_nano.a(lib_a-impure.o)
__stack                                           /home/venturus/gcc-arm-none-eabi-6-2017-q2-update/bin/../lib/gcc/arm-none-eabi/6.3.1/../../../../arm-none-eabi/lib/thumb/v7e-m/fpv4-sp/hard/crt0.o
_ebss                                             build/startup_stm32f334x8.o
_edata                                            build/startup_stm32f334x8.o
_estack                                           build/startup_stm32f334x8.o
_exit                                             /home/venturus/gcc-arm-none-eabi-6-2017-q2-update/bin/../lib/gcc/arm-none-eabi/6.3.1/../../../../arm-none-eabi/lib/thumb/v7e-m/fpv4-sp/hard/libnosys.a(_exit.o)
                                                  /home/venturus/gcc-arm-none-eabi-6-2017-q2-update/bin/../lib/gcc/arm-none-eabi/6.3.1/../../../../arm-none-eabi/lib/thumb/v7e-m/fpv4-sp/hard/libc_nano.a(lib_a-exit.o)
_fini                                             /home/venturus/gcc-arm-none-eabi-6-2017-q2-update/bin/../lib/gcc/arm-none-eabi/6.3.1/thumb/v7e-m/fpv4-sp/hard/crti.o
_global_impure_ptr                                /home/venturus/gcc-arm-none-eabi-6-2017-q2-update/bin/../lib/gcc/arm-none-eabi/6.3.1/../../../../arm-none-eabi/lib/thumb/v7e-m/fpv4-sp/hard/libc_nano.a(lib_a-impure.o)
                                                  /home/venturus/gcc-arm-none-eabi-6-2017-q2-update/bin/../lib/gcc/arm-none-eabi/6.3.1/../../../../arm-none-eabi/lib/thumb/v7e-m/fpv4-sp/hard/libc_nano.a(lib_a-exit.o)
_impure_ptr                                       /home/venturus/gcc-arm-none-eabi-6-2017-q2-update/bin/../lib/gcc/arm-none-eabi/6.3.1/../../../../arm-none-eabi/lib/thumb/v7e-m/fpv4-sp/hard/libc_nano.a(lib_a-impure.o)
_init                                             /home/venturus/gcc-arm-none-eabi-6-2017-q2-update/bin/../lib/gcc/arm-none-eabi/6.3.1/thumb/v7e-m/fpv4-sp/hard/crti.o
                                                  /home/venturus/gcc-arm-none-eabi-6-2017-q2-update/bin/../lib/gcc/arm-none-eabi/6.3.1/../../../../arm-none-eabi/lib/thumb/v7e-m/fpv4-sp/hard/libc_nano.a(lib_a-init.o)
_mainCRTStartup                                   /home/venturus/gcc-arm-none-eabi-6-2017-q2-update/bin/../lib/gcc/arm-none-eabi/6.3.1/../../../../arm-none-eabi/lib/thumb/v7e-m/fpv4-sp/hard/crt0.o
_sbss                                             build/startup_stm32f334x8.o
_sdata                                            build/startup_stm32f334x8.o
_sidata                                           build/startup_stm32f334x8.o
_start                                            /home/venturus/gcc-arm-none-eabi-6-2017-q2-update/bin/../lib/gcc/arm-none-eabi/6.3.1/../../../../arm-none-eabi/lib/thumb/v7e-m/fpv4-sp/hard/crt0.o
aPLLMULFactorTable                                build/stm32f3xx_hal_rcc.o
aPredivFactorTable                                build/stm32f3xx_hal_rcc.o
actual_timer                                      build/k_raw_timer.o
                                                  build/k_kernel.o
atexit                                            /home/venturus/gcc-arm-none-eabi-6-2017-q2-update/bin/../lib/gcc/arm-none-eabi/6.3.1/../../../../arm-none-eabi/lib/thumb/v7e-m/fpv4-sp/hard/crt0.o
exit                                              /home/venturus/gcc-arm-none-eabi-6-2017-q2-update/bin/../lib/gcc/arm-none-eabi/6.3.1/../../../../arm-none-eabi/lib/thumb/v7e-m/fpv4-sp/hard/libc_nano.a(lib_a-exit.o)
                                                  /home/venturus/gcc-arm-none-eabi-6-2017-q2-update/bin/../lib/gcc/arm-none-eabi/6.3.1/../../../../arm-none-eabi/lib/thumb/v7e-m/fpv4-sp/hard/crt0.o
g_pfnVectors                                      build/startup_stm32f334x8.o
hardware_init_hook                                /home/venturus/gcc-arm-none-eabi-6-2017-q2-update/bin/../lib/gcc/arm-none-eabi/6.3.1/../../../../arm-none-eabi/lib/thumb/v7e-m/fpv4-sp/hard/crt0.o
huart1                                            build/usart.o
                                                  build/stm32f3xx_it.o
idle_thread                                       build/k_kernel.o
irq_lock_nest                                     build/k_kernel.o
                                                  build/k_port_cm3_4_7_a.o
irq_nesting                                       build/k_kernel.o
k_block_alloc                                     build/k_memp.o
k_block_free                                      build/k_memp.o
k_current_task                                    build/k_kernel.o
                                                  build/k_port_cm3_4_7_a.o
                                                  build/k_thread.o
k_high_prio_task                                  build/k_kernel.o
                                                  build/k_port_cm3_4_7_a.o
k_make_not_ready                                  build/k_kernel.o
                                                  build/k_sema.o
                                                  build/k_mutex.o
                                                  build/k_raw_timer.o
                                                  build/k_message.o
                                                  build/k_thread.o
k_make_ready                                      build/k_kernel.o
                                                  build/k_sema.o
                                                  build/k_mutex.o
                                                  build/k_raw_timer.o
                                                  build/k_message.o
                                                  build/k_thread.o
k_pend_obj                                        build/k_kernel.o
                                                  build/k_sema.o
                                                  build/k_mutex.o
                                                  build/k_message.o
k_running                                         build/k_kernel.o
                                                  build/k_port_cm3_4_7_a.o
k_sched_and_swap                                  build/k_kernel.o
                                                  build/k_sema.o
                                                  build/k_mutex.o
                                                  build/k_raw_timer.o
                                                  build/k_message.o
                                                  build/k_thread.o
k_unpend_obj                                      build/k_kernel.o
                                                  build/k_sema.o
                                                  build/k_mutex.o
                                                  build/k_message.o
k_work_list_init                                  build/k_kernel.o
                                                  build/k_sema.o
                                                  build/k_mutex.o
                                                  build/k_raw_timer.o
                                                  build/k_message.o
k_yield                                           build/k_kernel.o
                                                  build/k_thread.o
kernel_init                                       build/k_kernel.o
                                                  build/main.o
kernel_irq_in                                     build/k_kernel.o
                                                  build/k_port_cm3_4_7.o
kernel_irq_out                                    build/k_kernel.o
                                                  build/k_port_cm3_4_7.o
kernel_start                                      build/k_kernel.o
                                                  build/main.o
main                                              build/main.o
                                                  build/startup_stm32f334x8.o
                                                  /home/venturus/gcc-arm-none-eabi-6-2017-q2-update/bin/../lib/gcc/arm-none-eabi/6.3.1/../../../../arm-none-eabi/lib/thumb/v7e-m/fpv4-sp/hard/crt0.o
memcpy                                            /home/venturus/gcc-arm-none-eabi-6-2017-q2-update/bin/../lib/gcc/arm-none-eabi/6.3.1/../../../../arm-none-eabi/lib/thumb/v7e-m/fpv4-sp/hard/libc_nano.a(lib_a-memcpy-stub.o)
                                                  build/k_message.o
memset                                            /home/venturus/gcc-arm-none-eabi-6-2017-q2-update/bin/../lib/gcc/arm-none-eabi/6.3.1/../../../../arm-none-eabi/lib/thumb/v7e-m/fpv4-sp/hard/libc_nano.a(lib_a-memset.o)
                                                  /home/venturus/gcc-arm-none-eabi-6-2017-q2-update/bin/../lib/gcc/arm-none-eabi/6.3.1/../../../../arm-none-eabi/lib/thumb/v7e-m/fpv4-sp/hard/crt0.o
message_insert                                    build/k_message.o
message_remove                                    build/k_message.o
mutex_give                                        build/k_mutex.o
mutex_take                                        build/k_mutex.o
next_task_wake                                    build/k_raw_timer.o
                                                  build/k_kernel.o
pFlash                                            build/stm32f3xx_hal_flash.o
                                                  build/stm32f3xx_hal_flash_ex.o
port_bit_fs_scan                                  build/k_port_cm3_4_7_a.o
                                                  build/k_kernel.o
                                                  build/k_memp.o
port_bit_ls_scan                                  build/k_port_cm3_4_7_a.o
port_create_stack_frame                           build/k_port_cm3_4_7.o
                                                  build/k_thread.o
port_from_isr                                     build/k_port_cm3_4_7_a.o
                                                  build/k_sema.o
                                                  build/k_kernel.o
                                                  build/k_mutex.o
                                                  build/k_thread.o
port_init_machine                                 build/k_port_cm3_4_7.o
                                                  build/k_kernel.o
port_irq_lock                                     build/k_port_cm3_4_7_a.o
                                                  build/k_sema.o
                                                  build/k_kernel.o
                                                  build/k_wqueue.o
                                                  build/k_mutex.o
                                                  build/k_raw_timer.o
                                                  build/k_memp.o
                                                  build/k_message.o
                                                  build/k_thread.o
port_irq_unlock                                   build/k_port_cm3_4_7_a.o
                                                  build/k_sema.o
                                                  build/k_kernel.o
                                                  build/k_wqueue.o
                                                  build/k_mutex.o
                                                  build/k_raw_timer.o
                                                  build/k_memp.o
                                                  build/k_message.o
                                                  build/k_thread.o
port_set_break                                    build/k_port_cm3_4_7_a.o
                                                  build/k_sema.o
                                                  build/k_kernel.o
                                                  build/k_wqueue.o
                                                  build/k_mutex.o
                                                  build/k_raw_timer.o
                                                  build/k_message.o
                                                  build/k_thread.o
port_start_kernel                                 build/k_port_cm3_4_7_a.o
                                                  build/k_kernel.o
port_start_timer                                  build/k_port_cm3_4_7.o
port_swap_req                                     build/k_port_cm3_4_7.o
                                                  build/k_kernel.o
port_timer_halt                                   build/k_port_cm3_4_7.o
port_timer_load_append                            build/k_port_cm3_4_7.o
port_timer_resume                                 build/k_port_cm3_4_7.o
semaphore_give                                    build/k_sema.o
semaphore_take                                    build/k_sema.o
software_init_hook                                /home/venturus/gcc-arm-none-eabi-6-2017-q2-update/bin/../lib/gcc/arm-none-eabi/6.3.1/../../../../arm-none-eabi/lib/thumb/v7e-m/fpv4-sp/hard/crt0.o
t1                                                build/main.o
t2                                                build/main.o
t3                                                build/main.o
t4                                                build/main.o
thread_abort                                      build/k_thread.o
thread_clr_signals                                build/k_thread.o
                                                  build/k_wqueue.o
                                                  build/k_raw_timer.o
thread_create                                     build/k_thread.o
                                                  build/k_kernel.o
                                                  build/k_wqueue.o
                                                  build/main.o
thread_get_current                                build/k_thread.o
                                                  build/k_sema.o
                                                  build/k_mutex.o
                                                  build/k_raw_timer.o
                                                  build/k_message.o
thread_resume                                     build/k_thread.o
thread_set_prio                                   build/k_thread.o
                                                  build/k_mutex.o
thread_set_signals                                build/k_thread.o
                                                  build/k_port_cm3_4_7.o
                                                  build/k_wqueue.o
thread_suspend                                    build/k_thread.o
thread_wait_signals                               build/k_thread.o
                                                  build/k_wqueue.o
                                                  build/k_raw_timer.o
thread_yield                                      build/k_thread.o
                                                  build/k_wqueue.o
tick_count                                        build/k_raw_timer.o
                                                  build/k_kernel.o
ticker_timer_wait                                 build/k_raw_timer.o
                                                  build/main.o
timer_dispatcher                                  build/k_raw_timer.o
                                                  build/k_kernel.o
timer_match_handler                               build/k_port_cm3_4_7.o
timer_ovf_handler                                 build/k_port_cm3_4_7.o
timer_poll                                        build/k_raw_timer.o
timer_set_callback                                build/k_raw_timer.o
timer_set_load                                    build/k_raw_timer.o
timer_start                                       build/k_raw_timer.o
timer_stop                                        build/k_raw_timer.o
timer_tcb                                         build/k_raw_timer.o
                                                  build/k_port_cm3_4_7.o
                                                  build/k_kernel.o
timer_tick_handler                                build/k_port_cm3_4_7.o
uwTick                                            build/stm32f3xx_hal.o
wqueue_init                                       build/k_wqueue.o
wqueue_submit                                     build/k_wqueue.o
