Archive member included to satisfy reference by file (symbol)

/home/venturus/devel/uLipeRtosPico/samples/lpc54102_test_proj/lpc_board_lpcxpresso_54102/Debug/liblpc_board_lpcxpresso_54102.a(board.o)
                              ./src/work_proj.o (Board_LED_Set)
/home/venturus/devel/uLipeRtosPico/samples/lpc54102_test_proj/lpc_board_lpcxpresso_54102/Debug/liblpc_board_lpcxpresso_54102.a(board_sysinit.o)
                              ./src/sysinit.o (Board_SystemInit)
/home/venturus/devel/uLipeRtosPico/samples/lpc54102_test_proj/lpc_chip_5410x/Debug/liblpc_chip_5410x.a(chip_5410x.o)
                              ./src/work_proj.o (SystemCoreClockUpdate)
/home/venturus/devel/uLipeRtosPico/samples/lpc54102_test_proj/lpc_chip_5410x/Debug/liblpc_chip_5410x.a(clock_5410x.o)
                              board_sysinit.o (symbol from plugin) (Chip_Clock_SetCLKOUTSource)
/home/venturus/devel/uLipeRtosPico/samples/lpc54102_test_proj/lpc_chip_5410x/Debug/liblpc_chip_5410x.a(fpu_init.o)
                              ./src/sysinit.o (fpuInit)
/home/venturus/devel/uLipeRtosPico/samples/lpc54102_test_proj/lpc_chip_5410x/Debug/liblpc_chip_5410x.a(gpio_5410x.o)
                              board.o (symbol from plugin) (Chip_GPIO_Init)
/home/venturus/devel/uLipeRtosPico/samples/lpc54102_test_proj/lpc_chip_5410x/Debug/liblpc_chip_5410x.a(iocon_5410x.o)
                              board_sysinit.o (symbol from plugin) (Chip_IOCON_SetPinMuxing)
/home/venturus/devel/uLipeRtosPico/samples/lpc54102_test_proj/lpc_chip_5410x/Debug/liblpc_chip_5410x.a(pll_5410x.o)
                              clock_5410x.o (symbol from plugin) (Chip_Clock_GetSystemPLLInClockRate)
/home/venturus/devel/uLipeRtosPico/samples/lpc54102_test_proj/lpc_chip_5410x/Debug/liblpc_chip_5410x.a(syscon_5410x.o)
                              gpio_5410x.o (symbol from plugin) (Chip_SYSCON_PeriphReset)
/home/venturus/devel/uLipeRtosPico/samples/lpc54102_test_proj/lpc_chip_5410x/Debug/liblpc_chip_5410x.a(sysinit_5410x.o)
                              board_sysinit.o (symbol from plugin) (Chip_SetupIrcClocking)
/home/venturus/devel/uLipeRtosPico/samples/lpc54102_test_proj/lpc_chip_5410x/libs/libpower_m4f_hard.a(power_library.o)
                              pll_5410x.o (symbol from plugin) (Chip_POWER_SetVoltage)
/usr/local/mcuxpressoide-10.0.0_344/ide/tools/bin/../lib/gcc/arm-none-eabi/5.4.1/../../../../arm-none-eabi/lib/armv7e-m/fpu/libcr_c.a(memcpy.o)
                              ./uLipeRtosPico/picokernel/k_message.o (memcpy)
/usr/local/mcuxpressoide-10.0.0_344/ide/tools/bin/../lib/gcc/arm-none-eabi/5.4.1/../../../../arm-none-eabi/lib/armv7e-m/fpu/libcr_c.a(__weak__main.o)
                              ./src/cr_startup_lpc5410x.o (__main)
/usr/local/mcuxpressoide-10.0.0_344/ide/tools/bin/../lib/gcc/arm-none-eabi/5.4.1/../../../../arm-none-eabi/lib/armv7e-m/fpu/libcr_c.a(strcpy.o)
                              ./src/work_proj.o (strcpy)
/usr/local/mcuxpressoide-10.0.0_344/ide/tools/bin/../lib/gcc/arm-none-eabi/5.4.1/../../../../arm-none-eabi/lib/armv7e-m/fpu/libcr_c.a(strlen.o)
                              board.o (symbol from plugin) (strlen)
/usr/local/mcuxpressoide-10.0.0_344/ide/tools/bin/../lib/gcc/arm-none-eabi/5.4.1/armv7e-m/fpu/libcr_eabihelpers.a(memcpy.o)
                              /usr/local/mcuxpressoide-10.0.0_344/ide/tools/bin/../lib/gcc/arm-none-eabi/5.4.1/../../../../arm-none-eabi/lib/armv7e-m/fpu/libcr_c.a(memcpy.o) (__aeabi_memcpy)
/usr/local/mcuxpressoide-10.0.0_344/ide/tools/bin/../lib/gcc/arm-none-eabi/5.4.1/armv7e-m/fpu/libcr_eabihelpers.a(division_64.o)
                              /tmp/cczT7i6e.ltrans0.ltrans.o (__aeabi_uldivmod)
/usr/local/mcuxpressoide-10.0.0_344/ide/tools/bin/../lib/gcc/arm-none-eabi/5.4.1/armv7e-m/fpu/libcr_eabihelpers.a(division_idiv0.o)
                              /usr/local/mcuxpressoide-10.0.0_344/ide/tools/bin/../lib/gcc/arm-none-eabi/5.4.1/armv7e-m/fpu/libcr_eabihelpers.a(division_64.o) (__aeabi_idiv0)

Allocating common symbols
Common symbol       size              file

SystemCoreClock     0x4               chip_5410x.o (symbol from plugin)
ITM_RxBuffer        0x4               board.o (symbol from plugin)

Discarded input sections

 .group         0x00000000        0x8 ./uLipeRtosPico/picokernel/k_kernel.o
 .group         0x00000000        0x8 ./uLipeRtosPico/picokernel/k_kernel.o
 .group         0x00000000        0x8 ./uLipeRtosPico/picokernel/k_kernel.o
 .group         0x00000000        0x8 ./uLipeRtosPico/picokernel/k_kernel.o
 .group         0x00000000        0x8 ./uLipeRtosPico/picokernel/k_kernel.o
 .group         0x00000000        0x8 ./uLipeRtosPico/picokernel/k_kernel.o
 .group         0x00000000        0x8 ./uLipeRtosPico/picokernel/k_kernel.o
 .group         0x00000000        0x8 ./uLipeRtosPico/picokernel/k_kernel.o
 .group         0x00000000        0x8 ./uLipeRtosPico/picokernel/k_kernel.o
 .group         0x00000000        0x8 ./uLipeRtosPico/picokernel/k_kernel.o
[...]
Memory Configuration

Name             Origin             Length             Attributes
MFlash256        0x00000000         0x00040000         xr
Ram0_64          0x02000000         0x00010000         xrw
Ram1_32          0x02010000         0x00008000         xrw
Ram2_8           0x03400000         0x00002000         xrw
*default*        0x00000000         0xffffffff

Linker script and memory map

LOAD ./uLipeRtosPico/picokernel/k_kernel.o
LOAD ./uLipeRtosPico/picokernel/k_mem_dyn.o
LOAD ./uLipeRtosPico/picokernel/k_memp.o
LOAD ./uLipeRtosPico/picokernel/k_message.o
LOAD ./uLipeRtosPico/picokernel/k_mutex.o
LOAD ./uLipeRtosPico/picokernel/k_raw_timer.o
LOAD ./uLipeRtosPico/picokernel/k_sema.o
LOAD ./uLipeRtosPico/picokernel/k_thread.o
LOAD ./uLipeRtosPico/picokernel/k_wqueue.o
LOAD ./uLipeRtosPico/arch/avr_tiny/k_port_avr_tiny.o
LOAD ./uLipeRtosPico/arch/avr_tiny/k_port_avr_tiny_a.o
LOAD ./uLipeRtosPico/arch/arm_cm3_4_7/k_port_cm3_4_7.o
LOAD ./uLipeRtosPico/arch/arm_cm3_4_7/k_port_cm3_4_7_a.o
LOAD ./uLipeRtosPico/arch/arm_cm0/k_port_cm0.o
LOAD ./uLipeRtosPico/arch/arm_cm0/k_port_cm0_a.o
LOAD ./src/boot_multicore_slave.o
LOAD ./src/cr_startup_lpc5410x.o
LOAD ./src/crp.o
LOAD ./src/sysinit.o
LOAD ./src/work_proj.o
LOAD /tmp/cczT7i6e.ltrans0.ltrans.o
LOAD /home/venturus/devel/uLipeRtosPico/samples/lpc54102_test_proj/lpc_board_lpcxpresso_54102/Debug/liblpc_board_lpcxpresso_54102.a
LOAD /home/venturus/devel/uLipeRtosPico/samples/lpc54102_test_proj/lpc_chip_5410x/Debug/liblpc_chip_5410x.a
LOAD /home/venturus/devel/uLipeRtosPico/samples/lpc54102_test_proj/lpc_chip_5410x/libs/libpower_m4f_hard.a
START GROUP
LOAD /usr/local/mcuxpressoide-10.0.0_344/ide/tools/bin/../lib/gcc/arm-none-eabi/5.4.1/../../../../arm-none-eabi/lib/armv7e-m/fpu/libcr_c.a
LOAD /usr/local/mcuxpressoide-10.0.0_344/ide/tools/bin/../lib/gcc/arm-none-eabi/5.4.1/armv7e-m/fpu/libcr_eabihelpers.a
END GROUP
                0x00000000                __base_MFlash256 = 0x0
                0x00000000                __base_Flash = 0x0
                0x00040000                __top_MFlash256 = 0x40000
                0x00040000                __top_Flash = 0x40000
                0x02000000                __base_Ram0_64 = 0x2000000
                0x02000000                __base_RAM = 0x2000000
                0x02010000                __top_Ram0_64 = 0x2010000
                0x02010000                __top_RAM = 0x2010000
                0x02010000                __base_Ram1_32 = 0x2010000
                0x02010000                __base_RAM2 = 0x2010000
                0x02018000                __top_Ram1_32 = 0x2018000
                0x02018000                __top_RAM2 = 0x2018000
                0x03400000                __base_Ram2_8 = 0x3400000
                0x03400000                __base_RAM3 = 0x3400000
                0x03402000                __top_Ram2_8 = 0x3402000
                0x03402000                __top_RAM3 = 0x3402000

.text           0x00000000     0x3970
 FILL mask 0xff
                0x00000000                __vectors_start__ = ABSOLUTE (.)
 *(.isr_vector)
 .isr_vector    0x00000000       0xf4 ./src/cr_startup_lpc5410x.o
                0x00000000                g_pfnVectors
                0x000000f4                . = ALIGN (0x4)
                0x000000f4                __section_table_start = .
                0x000000f4                __data_section_table = .
                0x000000f4        0x4 LONG 0x3970 LOADADDR (.data)
                0x000000f8        0x4 LONG 0x2000000 ADDR (.data)
                0x000000fc        0x4 LONG 0x688 SIZEOF (.data)
                0x00000100        0x4 LONG 0x3970 LOADADDR (.data_RAM2)
                0x00000104        0x4 LONG 0x2010000 ADDR (.data_RAM2)
                0x00000108        0x4 LONG 0x0 SIZEOF (.data_RAM2)
                0x0000010c        0x4 LONG 0x3970 LOADADDR (.data_RAM3)
                0x00000110        0x4 LONG 0x3400000 ADDR (.data_RAM3)
                0x00000114        0x4 LONG 0x0 SIZEOF (.data_RAM3)
                0x00000118                __data_section_table_end = .
                0x00000118                __bss_section_table = .
                0x00000118        0x4 LONG 0x2000688 ADDR (.bss)
                0x0000011c        0x4 LONG 0x9cd4 SIZEOF (.bss)
                0x00000120        0x4 LONG 0x2010000 ADDR (.bss_RAM2)
                0x00000124        0x4 LONG 0x0 SIZEOF (.bss_RAM2)
                0x00000128        0x4 LONG 0x3400000 ADDR (.bss_RAM3)
                0x0000012c        0x4 LONG 0x0 SIZEOF (.bss_RAM3)
                0x00000130                __bss_section_table_end = .
                0x00000130                __section_table_end = .
 *(.after_vectors*)
 .after_vectors
                0x00000130       0xcc ./src/cr_startup_lpc5410x.o
                0x00000130                data_init
                0x00000174                bss_init
                0x000001ac                NMI_Handler
                0x000001b4                HardFault_Handler
                0x000001bc                MemManage_Handler
                0x000001c4                BusFault_Handler
                0x000001cc                UsageFault_Handler
                0x000001dc                DebugMon_Handler
                0x000001f4                SCT0_IRQHandler
                0x000001f4                RIT_IRQHandler
                0x000001f4                I2C0_IRQHandler
                0x000001f4                MRT_IRQHandler
                0x000001f4                I2C1_IRQHandler
                0x000001f4                UART1_IRQHandler
                0x000001f4                ADC_SEQB_IRQHandler
                0x000001f4                UART0_IRQHandler
                0x000001f4                Reserved42_IRQHandler
                0x000001f4                SPI1_IRQHandler
                0x000001f4                CT32B2_IRQHandler
                0x000001f4                PIN_INT6_IRQHandler
                0x000001f4                IntDefaultHandler
                0x000001f4                PIN_INT4_IRQHandler
                0x000001f4                I2C2_IRQHandler
                0x000001f4                Reserved43_IRQHandler
                0x000001f4                RTC_IRQHandler
                0x000001f4                CT32B3_IRQHandler
                0x000001f4                UART2_IRQHandler
                0x000001f4                CT32B1_IRQHandler
                0x000001f4                PIN_INT5_IRQHandler
                0x000001f4                PIN_INT2_IRQHandler
                0x000001f4                PIN_INT7_IRQHandler
                0x000001f4                ADC_THCMP_IRQHandler
                0x000001f4                PIN_INT1_IRQHandler
                0x000001f4                BOD_IRQHandler
                0x000001f4                CT32B4_IRQHandler
                0x000001f4                IOH_IRQHandler
                0x000001f4                SPI2_IRQHandler
                0x000001f4                Reserved41_IRQHandler
                0x000001f4                MAILBOX_IRQHandler
                0x000001f4                WDT_IRQHandler
                0x000001f4                ADC_SEQA_IRQHandler
                0x000001f4                PIN_INT0_IRQHandler
                0x000001f4                UTICK_IRQHandler
                0x000001f4                CT32B0_IRQHandler
                0x000001f4                GINT0_IRQHandler
                0x000001f4                SPI0_IRQHandler
                0x000001f4                Reserved_IRQHandler
                0x000001f4                Reserved44_IRQHandler
                0x000001f4                DMA_IRQHandler
                0x000001f4                PIN_INT3_IRQHandler
                0x000001f4                SPI3_IRQHandler
                0x000001f4                UART3_IRQHandler
                0x000001f4                GINT1_IRQHandler
 .after_vectors.reset
                0x000001fc       0xcc ./src/cr_startup_lpc5410x.o
                0x000001fc                ResetISR
                0x000002fc                . = 0x2fc
 *fill*         0x000002c8       0x34 ff
                0x000002fc                PROVIDE (__CRP_WORD_START__, .)
 *(.crp)
 .crp           0x000002fc        0x4 ./src/crp.o
                0x000002fc                CRP_WORD
                0x00000300                PROVIDE (__CRP_WORD_END__, .)
                0x00000001                ASSERT (! ((__CRP_WORD_START__ == __CRP_WORD_END__)), Linker CRP Enabled, but no CRP_WORD provided within application)
 *(.text*)
 .text.sys_dlist_init
                0x00000300       0x20 ./uLipeRtosPico/picokernel/k_kernel.o
 .text.sys_dlist_is_empty
                0x00000320       0x24 ./uLipeRtosPico/picokernel/k_kernel.o
 .text.sys_dlist_peek_head
                0x00000344       0x24 ./uLipeRtosPico/picokernel/k_kernel.o
 .text.sys_dlist_append
                0x00000368       0x34 ./uLipeRtosPico/picokernel/k_kernel.o
 .text.sys_dlist_remove
                0x0000039c       0x28 ./uLipeRtosPico/picokernel/k_kernel.o
 .text.ulipe_assert
                0x000003c4       0x24 ./uLipeRtosPico/picokernel/k_kernel.o
 .text.k_idle_thread
                0x000003e8       0x20 ./uLipeRtosPico/picokernel/k_kernel.o
 .text.k_sched  0x00000408       0xb0 ./uLipeRtosPico/picokernel/k_kernel.o
 .text.k_pend_obj
                0x000004b8       0xb0 ./uLipeRtosPico/picokernel/k_kernel.o
                0x000004b8                k_pend_obj
 .text.k_unpend_obj
                0x00000568       0xc4 ./uLipeRtosPico/picokernel/k_kernel.o
                0x00000568                k_unpend_obj
 .text.k_make_ready
                0x0000062c       0xac ./uLipeRtosPico/picokernel/k_kernel.o
                0x0000062c                k_make_ready
 .text.k_make_not_ready
                0x000006d8       0xac ./uLipeRtosPico/picokernel/k_kernel.o
                0x000006d8                k_make_not_ready
 .text.k_yield  0x00000784       0xc4 ./uLipeRtosPico/picokernel/k_kernel.o
                0x00000784                k_yield
 .text.k_sched_and_swap
                0x00000848       0xb8 ./uLipeRtosPico/picokernel/k_kernel.o
                0x00000848                k_sched_and_swap
 .text.k_work_list_init
                0x00000900       0x80 ./uLipeRtosPico/picokernel/k_kernel.o
                0x00000900                k_work_list_init
 .text.kernel_init
                0x00000980       0xe8 ./uLipeRtosPico/picokernel/k_kernel.o
                0x00000980                kernel_init
 .text.kernel_start
                0x00000a68       0x50 ./uLipeRtosPico/picokernel/k_kernel.o
                0x00000a68                kernel_start
 .text.kernel_irq_in
                0x00000ab8       0xa4 ./uLipeRtosPico/picokernel/k_kernel.o
                0x00000ab8                kernel_irq_in
 .text.kernel_irq_out
                0x00000b5c       0xac ./uLipeRtosPico/picokernel/k_kernel.o
                0x00000b5c                kernel_irq_out
 .text.ulipe_assert
                0x00000c08       0x24 ./uLipeRtosPico/picokernel/k_mem_dyn.o
 .text.tlsf_ffs
                0x00000c2c       0x24 ./uLipeRtosPico/picokernel/k_mem_dyn.o
 .text.tlsf_fls
                0x00000c50       0x28 ./uLipeRtosPico/picokernel/k_mem_dyn.o
 .text.block_size
                0x00000c78       0x24 ./uLipeRtosPico/picokernel/k_mem_dyn.o
 .text.block_set_size
                0x00000c9c       0x30 ./uLipeRtosPico/picokernel/k_mem_dyn.o
 .text.block_is_free
                0x00000ccc       0x1c ./uLipeRtosPico/picokernel/k_mem_dyn.o
 .text.block_set_free
                0x00000ce8       0x20 ./uLipeRtosPico/picokernel/k_mem_dyn.o
 .text.block_set_used
                0x00000d08       0x24 ./uLipeRtosPico/picokernel/k_mem_dyn.o
 .text.block_is_prev_free
                0x00000d2c       0x1c ./uLipeRtosPico/picokernel/k_mem_dyn.o
 .text.block_set_prev_free
                0x00000d48       0x20 ./uLipeRtosPico/picokernel/k_mem_dyn.o
 .text.block_set_prev_used
                0x00000d68       0x24 ./uLipeRtosPico/picokernel/k_mem_dyn.o
 .text.block_from_ptr
                0x00000d8c       0x1c ./uLipeRtosPico/picokernel/k_mem_dyn.o
 .text.block_to_ptr
                0x00000da8       0x1c ./uLipeRtosPico/picokernel/k_mem_dyn.o
 .text.offset_to_block
                0x00000dc4       0x1c ./uLipeRtosPico/picokernel/k_mem_dyn.o
 .text.block_prev
                0x00000de0       0x18 ./uLipeRtosPico/picokernel/k_mem_dyn.o
 .text.block_next
                0x00000df8       0x30 ./uLipeRtosPico/picokernel/k_mem_dyn.o
 .text.block_link_next
                0x00000e28       0x20 ./uLipeRtosPico/picokernel/k_mem_dyn.o
 .text.block_mark_as_free
                0x00000e48       0x24 ./uLipeRtosPico/picokernel/k_mem_dyn.o
 .text.block_mark_as_used
                0x00000e6c       0x24 ./uLipeRtosPico/picokernel/k_mem_dyn.o
 .text.align_up
                0x00000e90       0x24 ./uLipeRtosPico/picokernel/k_mem_dyn.o
 .text.align_down
                0x00000eb4       0x20 ./uLipeRtosPico/picokernel/k_mem_dyn.o
 .text.adjust_request_size
                0x00000ed4       0x40 ./uLipeRtosPico/picokernel/k_mem_dyn.o
 .text.mapping_insert
                0x00000f14       0x58 ./uLipeRtosPico/picokernel/k_mem_dyn.o
 .text.mapping_search
                0x00000f6c       0x40 ./uLipeRtosPico/picokernel/k_mem_dyn.o
 .text.search_suitable_block
                0x00000fac       0x98 ./uLipeRtosPico/picokernel/k_mem_dyn.o
 .text.remove_free_block
                0x00001044       0xac ./uLipeRtosPico/picokernel/k_mem_dyn.o
 .text.insert_free_block
                0x000010f0       0x84 ./uLipeRtosPico/picokernel/k_mem_dyn.o
 .text.block_remove
                0x00001174       0x34 ./uLipeRtosPico/picokernel/k_mem_dyn.o
 .text.block_insert
                0x000011a8       0x34 ./uLipeRtosPico/picokernel/k_mem_dyn.o
 .text.block_can_split
                0x000011dc       0x28 ./uLipeRtosPico/picokernel/k_mem_dyn.o
 .text.block_split
                0x00001204       0x50 ./uLipeRtosPico/picokernel/k_mem_dyn.o
 .text.block_absorb
                0x00001254       0x30 ./uLipeRtosPico/picokernel/k_mem_dyn.o
 .text.block_merge_prev
                0x00001284       0x3c ./uLipeRtosPico/picokernel/k_mem_dyn.o
 .text.block_merge_next
                0x000012c0       0x3c ./uLipeRtosPico/picokernel/k_mem_dyn.o
 .text.block_trim_free
                0x000012fc       0x40 ./uLipeRtosPico/picokernel/k_mem_dyn.o
 .text.block_locate_free
                0x0000133c       0x80 ./uLipeRtosPico/picokernel/k_mem_dyn.o
 .text.block_prepare_used
                0x000013bc       0x38 ./uLipeRtosPico/picokernel/k_mem_dyn.o
 .text.control_construct
                0x000013f4       0x6c ./uLipeRtosPico/picokernel/k_mem_dyn.o
 .text.tlsf_size
                0x00001460       0x14 ./uLipeRtosPico/picokernel/k_mem_dyn.o
                0x00001460                tlsf_size
 .text.tlsf_pool_overhead
                0x00001474       0x14 ./uLipeRtosPico/picokernel/k_mem_dyn.o
                0x00001474                tlsf_pool_overhead
 .text.tlsf_add_pool
                0x00001488       0x98 ./uLipeRtosPico/picokernel/k_mem_dyn.o
                0x00001488                tlsf_add_pool
 .text.tlsf_create
                0x00001520       0x28 ./uLipeRtosPico/picokernel/k_mem_dyn.o
                0x00001520                tlsf_create
 .text.tlsf_create_with_pool
                0x00001548       0x3c ./uLipeRtosPico/picokernel/k_mem_dyn.o
                0x00001548                tlsf_create_with_pool
 .text.tlsf_malloc
                0x00001584       0x38 ./uLipeRtosPico/picokernel/k_mem_dyn.o
                0x00001584                tlsf_malloc
 .text.tlsf_free
                0x000015bc       0x54 ./uLipeRtosPico/picokernel/k_mem_dyn.o
                0x000015bc                tlsf_free
 .text.k_heap_init
                0x00001610       0x44 ./uLipeRtosPico/picokernel/k_mem_dyn.o
                0x00001610                k_heap_init
 .text.k_malloc
                0x00001654       0x34 ./uLipeRtosPico/picokernel/k_mem_dyn.o
                0x00001654                k_malloc
 .text.k_free   0x00001688       0x34 ./uLipeRtosPico/picokernel/k_mem_dyn.o
                0x00001688                k_free
 .text.k_block_alloc
                0x000016bc       0xdc ./uLipeRtosPico/picokernel/k_memp.o
                0x000016bc                k_block_alloc
 .text.k_block_free
                0x00001798       0xb4 ./uLipeRtosPico/picokernel/k_memp.o
                0x00001798                k_block_free
 .text.ulipe_assert
                0x0000184c       0x24 ./uLipeRtosPico/picokernel/k_mutex.o
 .text.mutex_take
                0x00001870      0x11c ./uLipeRtosPico/picokernel/k_mutex.o
                0x00001870                mutex_take
 .text.mutex_give
                0x0000198c      0x108 ./uLipeRtosPico/picokernel/k_mutex.o
                0x0000198c                mutex_give
 .text.sys_dlist_init
                0x00001a94       0x20 ./uLipeRtosPico/picokernel/k_raw_timer.o
 .text.sys_dlist_is_empty
                0x00001ab4       0x24 ./uLipeRtosPico/picokernel/k_raw_timer.o
 .text.sys_dlist_peek_head
                0x00001ad8       0x24 ./uLipeRtosPico/picokernel/k_raw_timer.o
 .text.sys_dlist_peek_next_no_check
                0x00001afc       0x28 ./uLipeRtosPico/picokernel/k_raw_timer.o
 .text.sys_dlist_peek_next
                0x00001b24       0x28 ./uLipeRtosPico/picokernel/k_raw_timer.o
 .text.sys_dlist_append
                0x00001b4c       0x34 ./uLipeRtosPico/picokernel/k_raw_timer.o
 .text.sys_dlist_remove
                0x00001b80       0x28 ./uLipeRtosPico/picokernel/k_raw_timer.o
 .text.ulipe_assert
                0x00001ba8       0x24 ./uLipeRtosPico/picokernel/k_raw_timer.o
 .text.timer_step_tick
                0x00001bcc      0x158 ./uLipeRtosPico/picokernel/k_raw_timer.o
 .text.timer_dispatcher
                0x00001d24      0x27c ./uLipeRtosPico/picokernel/k_raw_timer.o
                0x00001d24                timer_dispatcher
 .text.timer_start
                0x00001fa0       0xa0 ./uLipeRtosPico/picokernel/k_raw_timer.o
                0x00001fa0                timer_start
 .text.timer_set_callback
                0x00002040       0x90 ./uLipeRtosPico/picokernel/k_raw_timer.o
                0x00002040                timer_set_callback
 .text.ticker_timer_wait
                0x000020d0       0xac ./uLipeRtosPico/picokernel/k_raw_timer.o
                0x000020d0                ticker_timer_wait
 .text.ulipe_assert
                0x0000217c       0x24 ./uLipeRtosPico/picokernel/k_sema.o
 .text.semaphore_take
                0x000021a0       0xfc ./uLipeRtosPico/picokernel/k_sema.o
                0x000021a0                semaphore_take
 .text.semaphore_give
                0x0000229c       0xd8 ./uLipeRtosPico/picokernel/k_sema.o
                0x0000229c                semaphore_give
 .text.sys_dlist_init
                0x00002374       0x20 ./uLipeRtosPico/picokernel/k_thread.o
 .text.ulipe_assert
                0x00002394       0x24 ./uLipeRtosPico/picokernel/k_thread.o
 .text.thread_handle_signal_act
                0x000023b8       0x80 ./uLipeRtosPico/picokernel/k_thread.o
 .text.thread_handle_signal_wait
                0x00002438       0x3c ./uLipeRtosPico/picokernel/k_thread.o
 .text.thread_create
                0x00002474      0x118 ./uLipeRtosPico/picokernel/k_thread.o
                0x00002474                thread_create
 .text.thread_wait_signals
                0x0000258c      0x118 ./uLipeRtosPico/picokernel/k_thread.o
                0x0000258c                thread_wait_signals
 .text.thread_set_signals
                0x000026a4       0x84 ./uLipeRtosPico/picokernel/k_thread.o
                0x000026a4                thread_set_signals
 .text.thread_clr_signals
                0x00002728       0x84 ./uLipeRtosPico/picokernel/k_thread.o
                0x00002728                thread_clr_signals
 .text.thread_yield
                0x000027ac       0x50 ./uLipeRtosPico/picokernel/k_thread.o
                0x000027ac                thread_yield
 .text.thread_set_prio
                0x000027fc       0xc4 ./uLipeRtosPico/picokernel/k_thread.o
                0x000027fc                thread_set_prio
 .text.thread_get_current
                0x000028c0       0x20 ./uLipeRtosPico/picokernel/k_thread.o
                0x000028c0                thread_get_current
 .text.sys_dlist_init
                0x000028e0       0x20 ./uLipeRtosPico/picokernel/k_wqueue.o
 .text.sys_dlist_is_empty
                0x00002900       0x24 ./uLipeRtosPico/picokernel/k_wqueue.o
 .text.sys_dlist_peek_head
                0x00002924       0x24 ./uLipeRtosPico/picokernel/k_wqueue.o
 .text.sys_dlist_append
                0x00002948       0x34 ./uLipeRtosPico/picokernel/k_wqueue.o
 .text.sys_dlist_remove
                0x0000297c       0x28 ./uLipeRtosPico/picokernel/k_wqueue.o
 .text.ulipe_assert
                0x000029a4       0x24 ./uLipeRtosPico/picokernel/k_wqueue.o
 .text.wqueue_defer_handler
                0x000029c8       0xac ./uLipeRtosPico/picokernel/k_wqueue.o
 .text.wqueue_init
                0x00002a74       0x70 ./uLipeRtosPico/picokernel/k_wqueue.o
                0x00002a74                wqueue_init
 .text.wqueue_submit
                0x00002ae4       0x58 ./uLipeRtosPico/picokernel/k_wqueue.o
                0x00002ae4                wqueue_submit
 .text.port_create_stack_frame
                0x00002b3c       0x9c ./uLipeRtosPico/arch/arm_cm3_4_7/k_port_cm3_4_7.o
                0x00002b3c                port_create_stack_frame
 .text.port_swap_req
                0x00002bd8       0x20 ./uLipeRtosPico/arch/arm_cm3_4_7/k_port_cm3_4_7.o
                0x00002bd8                port_swap_req
 .text.port_init_machine
                0x00002bf8       0x48 ./uLipeRtosPico/arch/arm_cm3_4_7/k_port_cm3_4_7.o
                0x00002bf8                port_init_machine
 .text.timer_tick_handler
                0x00002c40       0x14 ./uLipeRtosPico/arch/arm_cm3_4_7/k_port_cm3_4_7.o
                0x00002c40                timer_tick_handler
 .text.SysTick_Handler
                0x00002c54       0x14 ./uLipeRtosPico/arch/arm_cm3_4_7/k_port_cm3_4_7.o
                0x00002c54                SysTick_Handler
 .text          0x00002c68       0xb8 ./uLipeRtosPico/arch/arm_cm3_4_7/k_port_cm3_4_7_a.o
                0x00002c68                port_irq_lock
                0x00002c78                port_irq_unlock
                0x00002c88                port_from_isr
                0x00002c94                port_set_break
                0x00002c9e                port_bit_fs_scan
                0x00002ca4                port_bit_ls_scan
                0x00002cae                port_start_kernel
                0x00002cbe                SVC_Handler
                0x00002ce8                PendSV_Handler
 .text.SystemInit
                0x00002d20       0x20 ./src/sysinit.o
                0x00002d20                SystemInit
 .text.ulipe_assert
                0x00002d40       0x24 ./src/work_proj.o
 .text.deferred_handler
                0x00002d64       0x34 ./src/work_proj.o
 .text.tm1_handler
                0x00002d98       0x50 ./src/work_proj.o
 .text.tm2_handler
                0x00002de8       0x30 ./src/work_proj.o
 .text.t1_task  0x00002e18       0x44 ./src/work_proj.o
 .text.t2_task  0x00002e5c       0x3c ./src/work_proj.o
 .text.t3_task  0x00002e98      0x10c ./src/work_proj.o
 .text.t4_task  0x00002fa4       0x34 ./src/work_proj.o
 .text.t5_task  0x00002fd8       0x34 ./src/work_proj.o
 .text.t6_task  0x0000300c       0x34 ./src/work_proj.o
 .text.main     0x00003040       0xa4 ./src/work_proj.o
                0x00003040                main
 .text          0x000030e4      0x58c /tmp/cczT7i6e.ltrans0.ltrans.o
                0x00003318                Chip_SYSCON_PowerUp
                0x000033d8                Chip_Clock_SetupSystemPLL
                0x0000349c                fpuInit
                0x000034e4                Chip_Clock_DisablePeriphClock
                0x00003514                Chip_Clock_EnablePeriphClock
                0x00003544                SystemCoreClockUpdate
                0x00003566                Board_SystemInit
                0x00003624                Board_Init
                0x00003654                Board_LED_Set
 .text.getBROMVersion
                0x00003670       0x20 /home/venturus/devel/uLipeRtosPico/samples/lpc54102_test_proj/lpc_chip_5410x/libs/libpower_m4f_hard.a(power_library.o)
 .text.Chip_POWER_GetROMVersion
                0x00003690        0x4 /home/venturus/devel/uLipeRtosPico/samples/lpc54102_test_proj/lpc_chip_5410x/libs/libpower_m4f_hard.a(power_library.o)
                0x00003690                Chip_POWER_GetROMVersion
 .text.__weak_main
                0x00003694        0x4 /usr/local/mcuxpressoide-10.0.0_344/ide/tools/bin/../lib/gcc/arm-none-eabi/5.4.1/../../../../arm-none-eabi/lib/armv7e-m/fpu/libcr_c.a(__weak__main.o)
                0x00003694                __main
                0x00003694                __weak_main
 .text.strcpy   0x00003698       0x42 /usr/local/mcuxpressoide-10.0.0_344/ide/tools/bin/../lib/gcc/arm-none-eabi/5.4.1/../../../../arm-none-eabi/lib/armv7e-m/fpu/libcr_c.a(strcpy.o)
                0x00003698                strcpy
 .text.__aeabi_division_uldivmod
                0x000036da      0x174 /usr/local/mcuxpressoide-10.0.0_344/ide/tools/bin/../lib/gcc/arm-none-eabi/5.4.1/armv7e-m/fpu/libcr_eabihelpers.a(division_64.o)
                0x000036da                __aeabi_uldivmod
                0x000036de                __bhs_ldivmod1
 .text.__aeabi_division_idiv0
                0x0000384e        0x2 /usr/local/mcuxpressoide-10.0.0_344/ide/tools/bin/../lib/gcc/arm-none-eabi/5.4.1/armv7e-m/fpu/libcr_eabihelpers.a(division_idiv0.o)
                0x0000384e                __aeabi_idiv0
 *(.rodata .rodata.* .constdata .constdata.*)
 .rodata        0x00003850       0x8b ./src/work_proj.o
 *fill*         0x000038db        0x1 ff
 .rodata        0x000038dc       0x93 /tmp/cczT7i6e.ltrans0.ltrans.o
                0x00003970                . = ALIGN (0x4)
 *fill*         0x0000396f        0x1 ff

.glue_7         0x00003970        0x0
 .glue_7        0x00003970        0x0 linker stubs

.glue_7t        0x00003970        0x0
 .glue_7t       0x00003970        0x0 linker stubs

.vfp11_veneer   0x00003970        0x0
 .vfp11_veneer  0x00003970        0x0 linker stubs

.v4_bx          0x00003970        0x0
 .v4_bx         0x00003970        0x0 linker stubs

.iplt           0x00003970        0x0
 .iplt          0x00003970        0x0 ./uLipeRtosPico/picokernel/k_kernel.o

.rel.dyn        0x00003970        0x0
 .rel.iplt      0x00003970        0x0 ./uLipeRtosPico/picokernel/k_kernel.o

.ARM.extab
 *(.ARM.extab* .gnu.linkonce.armextab.*)
                0x00003970                __exidx_start = .

.ARM.exidx
 *(.ARM.exidx* .gnu.linkonce.armexidx.*)
                0x00003970                __exidx_end = .
                0x00003970                _etext = .

.data_RAM2      0x02010000        0x0 load address 0x00003970
 FILL mask 0xff
                [!provide]                PROVIDE (__start_data_RAM2, .)
 *(.ramfunc.$RAM2)
 *(.ramfunc.$Ram1_32)
 *(.data.$RAM2*)
 *(.data.$Ram1_32*)
                0x02010000                . = ALIGN (0x4)
                [!provide]                PROVIDE (__end_data_RAM2, .)

.data_RAM3      0x03400000        0x0 load address 0x00003970
 FILL mask 0xff
                [!provide]                PROVIDE (__start_data_RAM3, .)
 *(.ramfunc.$RAM3)
 *(.ramfunc.$Ram2_8)
 *(.data.$RAM3*)
 *(.data.$Ram2_8*)
                0x03400000                . = ALIGN (0x4)
                [!provide]                PROVIDE (__end_data_RAM3, .)

.uninit_RESERVED
                0x02000000        0x0
 *(.bss.$RESERVED*)
                0x02000000                . = ALIGN (0x4)
                0x02000000                _end_uninit_RESERVED = .

.data           0x02000000      0x688 load address 0x00003970
 FILL mask 0xff
                0x02000000                _data = .
 *(vtable)
 *(.ramfunc*)
 *(.data*)
 .data.idle_thread
                0x02000000       0x2c ./uLipeRtosPico/picokernel/k_kernel.o
                0x02000000                idle_thread
 .data.timer_tcb
                0x0200002c       0x2c ./uLipeRtosPico/picokernel/k_raw_timer.o
                0x0200002c                timer_tcb
 .data.t1       0x02000058       0x2c ./src/work_proj.o
                0x02000058                t1
 .data.t2       0x02000084       0x2c ./src/work_proj.o
                0x02000084                t2
 .data.t3       0x020000b0       0x2c ./src/work_proj.o
                0x020000b0                t3
 .data.t4       0x020000dc       0x2c ./src/work_proj.o
                0x020000dc                t4
 .data.t5       0x02000108       0x2c ./src/work_proj.o
                0x02000108                t5
 .data.t6       0x02000134       0x2c ./src/work_proj.o
                0x02000134                t6
 .data.s1       0x02000160      0x110 ./src/work_proj.o
 .data.s2       0x02000270      0x110 ./src/work_proj.o
 .data.mem1     0x02000380       0x90 ./src/work_proj.o
                0x02000380                mem1
 .data.tm1      0x02000410      0x120 ./src/work_proj.o
                0x02000410                tm1
 .data.tm2      0x02000530      0x120 ./src/work_proj.o
                0x02000530                tm2
 .data.thread_mywq
                0x02000650       0x2c ./src/work_proj.o
                0x02000650                thread_mywq
 .data.mywq     0x0200067c        0xc ./src/work_proj.o
                0x0200067c                mywq
                0x02000688                . = ALIGN (0x4)
                0x02000688                _edata = .

.igot.plt       0x02000688        0x0 load address 0x00003ff8
 .igot.plt      0x02000688        0x0 ./uLipeRtosPico/picokernel/k_kernel.o

.bss_RAM2       0x02010000        0x0
                [!provide]                PROVIDE (__start_bss_RAM2, .)
 *(.bss.$RAM2*)
 *(.bss.$Ram1_32*)
                0x02010000                . = ALIGN ((. != 0x0)?0x4:0x1)
                [!provide]                PROVIDE (__end_bss_RAM2, .)

.bss_RAM3       0x03400000        0x0
                [!provide]                PROVIDE (__start_bss_RAM3, .)
 *(.bss.$RAM3*)
 *(.bss.$Ram2_8*)
                0x03400000                . = ALIGN ((. != 0x0)?0x4:0x1)
                [!provide]                PROVIDE (__end_bss_RAM3, .)

.bss            0x02000688     0x9cd4
                0x02000688                _bss = .
 *(.bss*)
 .bss.stack_idle_thread
                0x02000688      0x200 ./uLipeRtosPico/picokernel/k_kernel.o
 .bss.k_rdy_list
                0x02000888      0x104 ./uLipeRtosPico/picokernel/k_kernel.o
 .bss.k_timed_list
                0x0200098c        0x8 ./uLipeRtosPico/picokernel/k_kernel.o
 .bss.k_configured
                0x02000994        0x1 ./uLipeRtosPico/picokernel/k_kernel.o
 *fill*         0x02000995        0x3 
 .bss.irq_counter
                0x02000998        0x4 ./uLipeRtosPico/picokernel/k_kernel.o
 .bss.irq_lock_nest
                0x0200099c        0x4 ./uLipeRtosPico/picokernel/k_kernel.o
                0x0200099c                irq_lock_nest
 .bss.k_running
                0x020009a0        0x1 ./uLipeRtosPico/picokernel/k_kernel.o
                0x020009a0                k_running
 *fill*         0x020009a1        0x3 
 .bss.k_current_task
                0x020009a4        0x4 ./uLipeRtosPico/picokernel/k_kernel.o
                0x020009a4                k_current_task
 .bss.k_high_prio_task
                0x020009a8        0x4 ./uLipeRtosPico/picokernel/k_kernel.o
                0x020009a8                k_high_prio_task
 .bss.wu_info   0x020009ac        0xc ./uLipeRtosPico/picokernel/k_kernel.o
 .bss.k_heap    0x020009b8     0x41e8 ./uLipeRtosPico/picokernel/k_mem_dyn.o
 .bss.k_mem     0x02004ba0        0x4 ./uLipeRtosPico/picokernel/k_mem_dyn.o
 .bss.k_timed_list
                0x02004ba4        0x8 ./uLipeRtosPico/picokernel/k_raw_timer.o
 .bss.actual_timer
                0x02004bac        0x4 ./uLipeRtosPico/picokernel/k_raw_timer.o
                0x02004bac                actual_timer
 .bss.tick_count
                0x02004bb0        0x4 ./uLipeRtosPico/picokernel/k_raw_timer.o
                0x02004bb0                tick_count
 .bss.next_task_wake
                0x02004bb4        0x4 ./uLipeRtosPico/picokernel/k_raw_timer.o
                0x02004bb4                next_task_wake
 .bss.k_ticker_list
                0x02004bb8        0x8 ./uLipeRtosPico/picokernel/k_raw_timer.o
 .bss.stack_timer_tcb
                0x02004bc0      0x300 ./uLipeRtosPico/picokernel/k_raw_timer.o
 .bss.__SWVtrace_Enabled
                0x02004ec0        0x4 ./src/cr_startup_lpc5410x.o
                0x02004ec0                __SWVtrace_Enabled
 .bss.stack_t1  0x02004ec4      0x200 ./src/work_proj.o
 .bss.stack_t2  0x020050c4      0x200 ./src/work_proj.o
 .bss.stack_t3  0x020052c4      0x200 ./src/work_proj.o
 .bss.stack_t4  0x020054c4      0x200 ./src/work_proj.o
 .bss.stack_t5  0x020056c4      0x200 ./src/work_proj.o
 .bss.stack_t6  0x020058c4      0x200 ./src/work_proj.o
 .bss.pool_mem1
                0x02005ac4     0x4000 ./src/work_proj.o
 .bss.mtx1      0x02009ac4      0x10c ./src/work_proj.o
 .bss.stack_thread_mywq
                0x02009bd0      0x300 ./src/work_proj.o
 .bss.ptr       0x02009ed0      0x400 ./src/work_proj.o
                0x02009ed0                ptr
 .bss.cbuffer   0x0200a2d0       0x80 ./src/work_proj.o
 .bss.i.8701    0x0200a350        0x4 ./src/work_proj.o
 .bss           0x0200a354        0x8 /tmp/cczT7i6e.ltrans0.ltrans.o
 *(COMMON)
                0x0200a35c                . = ALIGN (0x4)
                0x0200a35c                _ebss = .
                [!provide]                PROVIDE (end, .)

.noinit_RAM2    0x02010000        0x0
 *(.noinit.$RAM2*)
 *(.noinit.$Ram1_32*)
                0x02010000                . = ALIGN (0x4)

.noinit_RAM3    0x03400000        0x0
 *(.noinit.$RAM3*)
 *(.noinit.$Ram2_8*)
                0x03400000                . = ALIGN (0x4)

.noinit         0x0200a35c        0x0
                0x0200a35c                _noinit = .
 *(.noinit*)
                0x0200a35c                . = ALIGN (0x4)
                0x0200a35c                _end_noinit = .
                [!provide]                PROVIDE (_pvHeapStart, DEFINED (__user_heap_base)?__user_heap_base:.)
                0x02010000                PROVIDE (_vStackTop, DEFINED (__user_stack_top)?__user_stack_top:(__top_Ram0_64 - 0x0))
                0xfdfef552                PROVIDE (__valid_user_code_checksum, (0x0 - ((((((_vStackTop + (ResetISR + 0x1)) + (NMI_Handler + 0x1)) + (HardFault_Handler + 0x1)) + (DEFINED (MemManage_Handler)?MemManage_Handler:0x0 + 0x1)) + (DEFINED (BusFault_Handler)?BusFault_Handler:0x0 + 0x1)) + (DEFINED (UsageFault_Handler)?UsageFault_Handler:0x0 + 0x1))))
OUTPUT(work_proj.axf elf32-littlearm)

.debug_info     0x00000000     0x4cc8
 .debug_info    0x00000000      0x8b0 ./uLipeRtosPico/picokernel/k_kernel.o
 .debug_info    0x000008b0      0xf39 ./uLipeRtosPico/picokernel/k_mem_dyn.o
 .debug_info    0x000017e9      0x220 ./uLipeRtosPico/picokernel/k_memp.o
 .debug_info    0x00001a09      0x410 ./uLipeRtosPico/picokernel/k_mutex.o
 .debug_info    0x00001e19      0x8ca ./uLipeRtosPico/picokernel/k_raw_timer.o
 .debug_info    0x000026e3      0x3ce ./uLipeRtosPico/picokernel/k_sema.o
 .debug_info    0x00002ab1      0x748 ./uLipeRtosPico/picokernel/k_thread.o
 .debug_info    0x000031f9      0x54e ./uLipeRtosPico/picokernel/k_wqueue.o
 .debug_info    0x00003747      0x5b0 ./uLipeRtosPico/arch/arm_cm3_4_7/k_port_cm3_4_7.o
 .debug_info    0x00003cf7       0xbd ./uLipeRtosPico/arch/arm_cm3_4_7/k_port_cm3_4_7_a.o
 .debug_info    0x00003db4      0x2b7 ./src/cr_startup_lpc5410x.o
 .debug_info    0x0000406b       0x3f ./src/crp.o
 .debug_info    0x000040aa      0x2c4 ./src/sysinit.o
 .debug_info    0x0000436e      0x95a ./src/work_proj.o

.debug_abbrev   0x00000000     0x14a6
 .debug_abbrev  0x00000000      0x2cf ./uLipeRtosPico/picokernel/k_kernel.o
 .debug_abbrev  0x000002cf      0x240 ./uLipeRtosPico/picokernel/k_mem_dyn.o
 .debug_abbrev  0x0000050f       0xe0 ./uLipeRtosPico/picokernel/k_memp.o
 .debug_abbrev  0x000005ef      0x157 ./uLipeRtosPico/picokernel/k_mutex.o
 .debug_abbrev  0x00000746      0x282 ./uLipeRtosPico/picokernel/k_raw_timer.o
 .debug_abbrev  0x000009c8      0x161 ./uLipeRtosPico/picokernel/k_sema.o
 .debug_abbrev  0x00000b29      0x20c ./uLipeRtosPico/picokernel/k_thread.o
 .debug_abbrev  0x00000d35      0x1d3 ./uLipeRtosPico/picokernel/k_wqueue.o
 .debug_abbrev  0x00000f08      0x197 ./uLipeRtosPico/arch/arm_cm3_4_7/k_port_cm3_4_7.o
 .debug_abbrev  0x0000109f       0x14 ./uLipeRtosPico/arch/arm_cm3_4_7/k_port_cm3_4_7_a.o
 .debug_abbrev  0x000010b3       0xed ./src/cr_startup_lpc5410x.o
 .debug_abbrev  0x000011a0       0x36 ./src/crp.o
 .debug_abbrev  0x000011d6       0xe3 ./src/sysinit.o
 .debug_abbrev  0x000012b9      0x1ed ./src/work_proj.o

.debug_aranges  0x00000000      0x638
 .debug_aranges
                0x00000000       0xb0 ./uLipeRtosPico/picokernel/k_kernel.o
 .debug_aranges
                0x000000b0      0x1c0 ./uLipeRtosPico/picokernel/k_mem_dyn.o
 .debug_aranges
                0x00000270       0x28 ./uLipeRtosPico/picokernel/k_memp.o
 .debug_aranges
                0x00000298       0x30 ./uLipeRtosPico/picokernel/k_mutex.o
 .debug_aranges
                0x000002c8       0x98 ./uLipeRtosPico/picokernel/k_raw_timer.o
 .debug_aranges
                0x00000360       0x30 ./uLipeRtosPico/picokernel/k_sema.o
 .debug_aranges
                0x00000390       0x88 ./uLipeRtosPico/picokernel/k_thread.o
 .debug_aranges
                0x00000418       0x60 ./uLipeRtosPico/picokernel/k_wqueue.o
 .debug_aranges
                0x00000478       0x70 ./uLipeRtosPico/arch/arm_cm3_4_7/k_port_cm3_4_7.o
 .debug_aranges
                0x000004e8       0x20 ./uLipeRtosPico/arch/arm_cm3_4_7/k_port_cm3_4_7_a.o
 .debug_aranges
                0x00000508       0x80 ./src/cr_startup_lpc5410x.o
 .debug_aranges
                0x00000588       0x18 ./src/crp.o
 .debug_aranges
                0x000005a0       0x20 ./src/sysinit.o
 .debug_aranges
                0x000005c0       0x78 ./src/work_proj.o

.debug_ranges   0x00000000      0x540
 .debug_ranges  0x00000000       0xa0 ./uLipeRtosPico/picokernel/k_kernel.o
 .debug_ranges  0x000000a0      0x1b0 ./uLipeRtosPico/picokernel/k_mem_dyn.o
 .debug_ranges  0x00000250       0x18 ./uLipeRtosPico/picokernel/k_memp.o
 .debug_ranges  0x00000268       0x20 ./uLipeRtosPico/picokernel/k_mutex.o
 .debug_ranges  0x00000288       0x88 ./uLipeRtosPico/picokernel/k_raw_timer.o
 .debug_ranges  0x00000310       0x20 ./uLipeRtosPico/picokernel/k_sema.o
 .debug_ranges  0x00000330       0x78 ./uLipeRtosPico/picokernel/k_thread.o
 .debug_ranges  0x000003a8       0x50 ./uLipeRtosPico/picokernel/k_wqueue.o
 .debug_ranges  0x000003f8       0x60 ./uLipeRtosPico/arch/arm_cm3_4_7/k_port_cm3_4_7.o
 .debug_ranges  0x00000458       0x70 ./src/cr_startup_lpc5410x.o
 .debug_ranges  0x000004c8       0x10 ./src/sysinit.o
 .debug_ranges  0x000004d8       0x68 ./src/work_proj.o

.debug_macro    0x00000000     0x4971
 .debug_macro   0x00000000       0xef ./uLipeRtosPico/picokernel/k_kernel.o
 .debug_macro   0x000000ef      0x8b0 ./uLipeRtosPico/picokernel/k_kernel.o
 .debug_macro   0x0000099f       0x10 ./uLipeRtosPico/picokernel/k_kernel.o
 .debug_macro   0x000009af      0x12d ./uLipeRtosPico/picokernel/k_kernel.o
 .debug_macro   0x00000adc      0x5b2 ./uLipeRtosPico/picokernel/k_kernel.o
 .debug_macro   0x0000108e       0x22 ./uLipeRtosPico/picokernel/k_kernel.o
 .debug_macro   0x000010b0       0x16 ./uLipeRtosPico/picokernel/k_kernel.o
 .debug_macro   0x000010c6       0x4b ./uLipeRtosPico/picokernel/k_kernel.o
 .debug_macro   0x00001111       0x9a ./uLipeRtosPico/picokernel/k_kernel.o
 .debug_macro   0x000011ab       0x4c ./uLipeRtosPico/picokernel/k_kernel.o
 .debug_macro   0x000011f7       0x1c ./uLipeRtosPico/picokernel/k_kernel.o
 .debug_macro   0x00001213       0x10 ./uLipeRtosPico/picokernel/k_kernel.o
 .debug_macro   0x00001223       0x28 ./uLipeRtosPico/picokernel/k_kernel.o
 .debug_macro   0x0000124b       0x10 ./uLipeRtosPico/picokernel/k_kernel.o
 .debug_macro   0x0000125b       0x16 ./uLipeRtosPico/picokernel/k_kernel.o
 .debug_macro   0x00001271       0x10 ./uLipeRtosPico/picokernel/k_kernel.o
 .debug_macro   0x00001281       0x10 ./uLipeRtosPico/picokernel/k_kernel.o
 .debug_macro   0x00001291      0x113 ./uLipeRtosPico/picokernel/k_mem_dyn.o
 .debug_macro   0x000013a4       0xf5 ./uLipeRtosPico/picokernel/k_memp.o
 .debug_macro   0x00001499       0xef ./uLipeRtosPico/picokernel/k_mutex.o
 .debug_macro   0x00001588       0xf5 ./uLipeRtosPico/picokernel/k_raw_timer.o
 .debug_macro   0x0000167d       0xef ./uLipeRtosPico/picokernel/k_sema.o
 .debug_macro   0x0000176c       0xef ./uLipeRtosPico/picokernel/k_thread.o
 .debug_macro   0x0000185b       0xf5 ./uLipeRtosPico/picokernel/k_wqueue.o
 .debug_macro   0x00001950       0xf8 ./uLipeRtosPico/arch/arm_cm3_4_7/k_port_cm3_4_7.o
 .debug_macro   0x00001a48       0x34 ./uLipeRtosPico/arch/arm_cm3_4_7/k_port_cm3_4_7.o
 .debug_macro   0x00001a7c       0x1d ./src/cr_startup_lpc5410x.o
 .debug_macro   0x00001a99       0x1a ./src/crp.o
 .debug_macro   0x00001ab3       0x34 ./src/crp.o
 .debug_macro   0x00001ae7      0x254 ./src/sysinit.o
 .debug_macro   0x00001d3b       0x8f ./src/sysinit.o
 .debug_macro   0x00001dca       0x2d ./src/sysinit.o
 .debug_macro   0x00001df7       0x3b ./src/sysinit.o
 .debug_macro   0x00001e32       0x2d ./src/sysinit.o
 .debug_macro   0x00001e5f       0x42 ./src/sysinit.o
 .debug_macro   0x00001ea1      0xd39 ./src/sysinit.o
 .debug_macro   0x00002bda      0x1d9 ./src/sysinit.o
 .debug_macro   0x00002db3       0xca ./src/sysinit.o
 .debug_macro   0x00002e7d       0x18 ./src/sysinit.o
 .debug_macro   0x00002e95       0x16 ./src/sysinit.o
 .debug_macro   0x00002eab      0x129 ./src/sysinit.o
 .debug_macro   0x00002fd4       0x2d ./src/sysinit.o
 .debug_macro   0x00003001       0x16 ./src/sysinit.o
 .debug_macro   0x00003017       0x32 ./src/sysinit.o
 .debug_macro   0x00003049       0xb8 ./src/sysinit.o
 .debug_macro   0x00003101       0x70 ./src/sysinit.o
 .debug_macro   0x00003171       0x6a ./src/sysinit.o
 .debug_macro   0x000031db       0xc5 ./src/sysinit.o
 .debug_macro   0x000032a0       0x76 ./src/sysinit.o
 .debug_macro   0x00003316       0x34 ./src/sysinit.o
 .debug_macro   0x0000334a      0x205 ./src/sysinit.o
 .debug_macro   0x0000354f       0x40 ./src/sysinit.o
 .debug_macro   0x0000358f       0x6a ./src/sysinit.o
 .debug_macro   0x000035f9       0x22 ./src/sysinit.o
 .debug_macro   0x0000361b       0x28 ./src/sysinit.o
 .debug_macro   0x00003643       0x1c ./src/sysinit.o
 .debug_macro   0x0000365f       0x10 ./src/sysinit.o
 .debug_macro   0x0000366f       0x1f ./src/sysinit.o
 .debug_macro   0x0000368e      0x1f1 ./src/sysinit.o
 .debug_macro   0x0000387f      0x13a ./src/sysinit.o
 .debug_macro   0x000039b9       0x16 ./src/sysinit.o
 .debug_macro   0x000039cf      0x1f6 ./src/sysinit.o
 .debug_macro   0x00003bc5      0x430 ./src/sysinit.o
 .debug_macro   0x00003ff5       0x34 ./src/sysinit.o
 .debug_macro   0x00004029       0x1c ./src/sysinit.o
 .debug_macro   0x00004045      0x477 ./src/sysinit.o
 .debug_macro   0x000044bc       0x34 ./src/sysinit.o
 .debug_macro   0x000044f0       0x2e ./src/sysinit.o
 .debug_macro   0x0000451e       0x9a ./src/sysinit.o
 .debug_macro   0x000045b8       0x20 ./src/sysinit.o
 .debug_macro   0x000045d8      0x307 ./src/work_proj.o
 .debug_macro   0x000048df       0x82 ./src/work_proj.o
 .debug_macro   0x00004961       0x10 ./src/work_proj.o

.debug_line     0x00000000     0x3956
 .debug_line    0x00000000      0x533 ./uLipeRtosPico/picokernel/k_kernel.o
 .debug_line    0x00000533      0x7f3 ./uLipeRtosPico/picokernel/k_mem_dyn.o
 .debug_line    0x00000d26      0x335 ./uLipeRtosPico/picokernel/k_memp.o
 .debug_line    0x0000105b      0x37c ./uLipeRtosPico/picokernel/k_mutex.o
 .debug_line    0x000013d7      0x5ac ./uLipeRtosPico/picokernel/k_raw_timer.o
 .debug_line    0x00001983      0x364 ./uLipeRtosPico/picokernel/k_sema.o
 .debug_line    0x00001ce7      0x4d6 ./uLipeRtosPico/picokernel/k_thread.o
 .debug_line    0x000021bd      0x3e5 ./uLipeRtosPico/picokernel/k_wqueue.o
 .debug_line    0x000025a2      0x421 ./uLipeRtosPico/arch/arm_cm3_4_7/k_port_cm3_4_7.o
 .debug_line    0x000029c3       0xc9 ./uLipeRtosPico/arch/arm_cm3_4_7/k_port_cm3_4_7_a.o
 .debug_line    0x00002a8c       0xef ./src/cr_startup_lpc5410x.o
 .debug_line    0x00002b7b       0x79 ./src/crp.o
 .debug_line    0x00002bf4      0x4b7 ./src/sysinit.o
 .debug_line    0x000030ab      0x8ab ./src/work_proj.o

.debug_str      0x00000000    0x12b7c
 .debug_str     0x00000000     0x5514 ./uLipeRtosPico/picokernel/k_kernel.o
                               0x5616 (size before relaxing)
 .debug_str     0x00005514      0x5e0 ./uLipeRtosPico/picokernel/k_mem_dyn.o
                               0x56e5 (size before relaxing)
 .debug_str     0x00005af4       0xd0 ./uLipeRtosPico/picokernel/k_memp.o
                               0x5162 (size before relaxing)
 .debug_str     0x00005bc4       0x7c ./uLipeRtosPico/picokernel/k_mutex.o
                               0x5386 (size before relaxing)
 .debug_str     0x00005c40      0x197 ./uLipeRtosPico/picokernel/k_raw_timer.o
                               0x55cb (size before relaxing)
 .debug_str     0x00005dd7       0x69 ./uLipeRtosPico/picokernel/k_sema.o
                               0x5382 (size before relaxing)
 .debug_str     0x00005e40      0x140 ./uLipeRtosPico/picokernel/k_thread.o
                               0x54b6 (size before relaxing)
 .debug_str     0x00005f80       0xc9 ./uLipeRtosPico/picokernel/k_wqueue.o
                               0x547b (size before relaxing)
 .debug_str     0x00006049      0x2cb ./uLipeRtosPico/arch/arm_cm3_4_7/k_port_cm3_4_7.o
                               0x541d (size before relaxing)
 .debug_str     0x00006314      0x252 ./src/cr_startup_lpc5410x.o
                               0x27bc (size before relaxing)
 .debug_str     0x00006566       0xe9 ./src/crp.o
                               0x2682 (size before relaxing)
 .debug_str     0x0000664f     0xbfe4 ./src/sysinit.o
                               0xfd76 (size before relaxing)
 .debug_str     0x00012633      0x549 ./src/work_proj.o
                              0x1188e (size before relaxing)

.comment        0x00000000       0xde
 .comment       0x00000000       0x6e ./uLipeRtosPico/picokernel/k_kernel.o
                                 0x6f (size before relaxing)
 .comment       0x0000006e       0x6f ./uLipeRtosPico/picokernel/k_mem_dyn.o
 .comment       0x0000006e       0x6f ./uLipeRtosPico/picokernel/k_memp.o
 .comment       0x0000006e       0x6f ./uLipeRtosPico/picokernel/k_mutex.o
 .comment       0x0000006e       0x6f ./uLipeRtosPico/picokernel/k_raw_timer.o
 .comment       0x0000006e       0x6f ./uLipeRtosPico/picokernel/k_sema.o
 .comment       0x0000006e       0x6f ./uLipeRtosPico/picokernel/k_thread.o
 .comment       0x0000006e       0x6f ./uLipeRtosPico/picokernel/k_wqueue.o
 .comment       0x0000006e       0x6f ./uLipeRtosPico/arch/arm_cm3_4_7/k_port_cm3_4_7.o
 .comment       0x0000006e       0x6f ./src/cr_startup_lpc5410x.o
 .comment       0x0000006e       0x6f ./src/crp.o
 .comment       0x0000006e       0x6f ./src/sysinit.o
 .comment       0x0000006e       0x6f ./src/work_proj.o
 .comment       0x0000006e       0x6f /tmp/cczT7i6e.ltrans0.ltrans.o
 .comment       0x0000006e       0x70 /home/venturus/devel/uLipeRtosPico/samples/lpc54102_test_proj/lpc_chip_5410x/libs/libpower_m4f_hard.a(power_library.o)
                                 0x71 (size before relaxing)
 .comment       0x000000de       0x6f /usr/local/mcuxpressoide-10.0.0_344/ide/tools/bin/../lib/gcc/arm-none-eabi/5.4.1/../../../../arm-none-eabi/lib/armv7e-m/fpu/libcr_c.a(__weak__main.o)
 .comment       0x000000de       0x6f /usr/local/mcuxpressoide-10.0.0_344/ide/tools/bin/../lib/gcc/arm-none-eabi/5.4.1/../../../../arm-none-eabi/lib/armv7e-m/fpu/libcr_c.a(strcpy.o)

.ARM.attributes
                0x00000000       0x37
 .ARM.attributes
                0x00000000       0x39 ./uLipeRtosPico/picokernel/k_kernel.o
 .ARM.attributes
                0x00000039       0x39 ./uLipeRtosPico/picokernel/k_mem_dyn.o
 .ARM.attributes
                0x00000072       0x39 ./uLipeRtosPico/picokernel/k_memp.o
 .ARM.attributes
                0x000000ab       0x39 ./uLipeRtosPico/picokernel/k_mutex.o
 .ARM.attributes
                0x000000e4       0x39 ./uLipeRtosPico/picokernel/k_raw_timer.o
 .ARM.attributes
                0x0000011d       0x39 ./uLipeRtosPico/picokernel/k_sema.o
 .ARM.attributes
                0x00000156       0x39 ./uLipeRtosPico/picokernel/k_thread.o
 .ARM.attributes
                0x0000018f       0x39 ./uLipeRtosPico/picokernel/k_wqueue.o
 .ARM.attributes
                0x000001c8       0x39 ./uLipeRtosPico/arch/arm_cm3_4_7/k_port_cm3_4_7.o
 .ARM.attributes
                0x00000201       0x25 ./uLipeRtosPico/arch/arm_cm3_4_7/k_port_cm3_4_7_a.o
 .ARM.attributes
                0x00000226       0x39 ./src/cr_startup_lpc5410x.o
 .ARM.attributes
                0x0000025f       0x39 ./src/crp.o
 .ARM.attributes
                0x00000298       0x39 ./src/sysinit.o
 .ARM.attributes
                0x000002d1       0x39 ./src/work_proj.o
 .ARM.attributes
                0x0000030a       0x37 /tmp/cczT7i6e.ltrans0.ltrans.o
 .ARM.attributes
                0x00000341       0x39 /home/venturus/devel/uLipeRtosPico/samples/lpc54102_test_proj/lpc_chip_5410x/libs/libpower_m4f_hard.a(power_library.o)
 .ARM.attributes
                0x0000037a       0x39 /usr/local/mcuxpressoide-10.0.0_344/ide/tools/bin/../lib/gcc/arm-none-eabi/5.4.1/../../../../arm-none-eabi/lib/armv7e-m/fpu/libcr_c.a(__weak__main.o)
 .ARM.attributes
                0x000003b3       0x39 /usr/local/mcuxpressoide-10.0.0_344/ide/tools/bin/../lib/gcc/arm-none-eabi/5.4.1/../../../../arm-none-eabi/lib/armv7e-m/fpu/libcr_c.a(strcpy.o)
 .ARM.attributes
                0x000003ec       0x25 /usr/local/mcuxpressoide-10.0.0_344/ide/tools/bin/../lib/gcc/arm-none-eabi/5.4.1/armv7e-m/fpu/libcr_eabihelpers.a(division_64.o)
 .ARM.attributes
                0x00000411       0x25 /usr/local/mcuxpressoide-10.0.0_344/ide/tools/bin/../lib/gcc/arm-none-eabi/5.4.1/armv7e-m/fpu/libcr_eabihelpers.a(division_idiv0.o)

.debug_frame    0x00000000     0x1644
 .debug_frame   0x00000000      0x2b0 ./uLipeRtosPico/picokernel/k_kernel.o
 .debug_frame   0x000002b0      0x7b8 ./uLipeRtosPico/picokernel/k_mem_dyn.o
 .debug_frame   0x00000a68       0x58 ./uLipeRtosPico/picokernel/k_memp.o
 .debug_frame   0x00000ac0       0x7c ./uLipeRtosPico/picokernel/k_mutex.o
 .debug_frame   0x00000b3c      0x264 ./uLipeRtosPico/picokernel/k_raw_timer.o
 .debug_frame   0x00000da0       0x7c ./uLipeRtosPico/picokernel/k_sema.o
 .debug_frame   0x00000e1c      0x214 ./uLipeRtosPico/picokernel/k_thread.o
 .debug_frame   0x00001030      0x160 ./uLipeRtosPico/picokernel/k_wqueue.o
 .debug_frame   0x00001190      0x178 ./uLipeRtosPico/arch/arm_cm3_4_7/k_port_cm3_4_7.o
 .debug_frame   0x00001308      0x170 ./src/cr_startup_lpc5410x.o
 .debug_frame   0x00001478       0x2c ./src/sysinit.o
 .debug_frame   0x000014a4      0x1a0 ./src/work_proj.o
